{"event":"supervisor_started","receiver_child":451,"postmaster_child":452,"generation_source":"atomic_pidfd_children"}
{"event":"receiver_armed","epoch":"b2742e3f8c5ec98049993754e6d7569f672b6c58eaec5092ae360505dc838d8f","supervisor_inode":4269989,"postmaster_inode":4269991,"at_us":238410096607}
2026-10-10 19:21:30.872 UTC [452] LOG:  starting PostgreSQL 18.4 (Debian 18.4-1.pgdg13+1) on x86_64-pc-linux-gnu, compiled by gcc (Debian 14.2.0-19) 14.2.0, 64-bit
2026-10-10 19:21:30.872 UTC [452] LOG:  listening on Unix socket "/tmp/pgsock/.s.PGSQL.5432"
2026-10-10 19:21:30.878 UTC [458] LOG:  database system was shut down at 2026-10-10 19:21:30 UTC
2026-10-10 19:21:30.882 UTC [452] LOG:  database system is ready to accept connections
{"event":"ACCEPT","role_oid":16385,"slot":1,"reason":0,"duplicate":false,"receive_us":80,"validation_us":21479,"reply_us":21603}
2026-10-10 19:21:33.290 UTC [534] LOG:  FLOOOW_TEST_TIMEOUT_RESTORATION preserved=YES custom_active=NO
2026-10-10 19:21:33.290 UTC [534] LOG:  FLOOOW_TEST_ENROLLMENT_ACCEPT role=16385 database=16384 total_us=25625
{"event":"QUARANTINE","pid":534,"slot":1,"signal_rc":-1,"at_us":238412545412}
{"event":"kernel_death","pid":534,"slot":1,"at_us":238412565679}
{"event":"ACCEPT","role_oid":16386,"slot":2,"reason":0,"duplicate":false,"receive_us":72,"validation_us":20074,"reply_us":20174}
2026-10-10 19:21:33.651 UTC [551] LOG:  FLOOOW_TEST_TIMEOUT_RESTORATION preserved=YES custom_active=NO
2026-10-10 19:21:33.651 UTC [551] LOG:  FLOOOW_TEST_ENROLLMENT_ACCEPT role=16386 database=16384 total_us=43691
{"event":"QUARANTINE","pid":551,"slot":2,"signal_rc":-1,"at_us":238412916406}
{"event":"kernel_death","pid":551,"slot":2,"at_us":238412936590}
{"event":"ACCEPT","role_oid":16387,"slot":3,"reason":0,"duplicate":false,"receive_us":11,"validation_us":6297,"reply_us":6339}
2026-10-10 19:21:34.254 UTC [566] LOG:  FLOOOW_TEST_TIMEOUT_RESTORATION preserved=YES custom_active=NO
2026-10-10 19:21:34.254 UTC [566] LOG:  FLOOOW_TEST_ENROLLMENT_ACCEPT role=16387 database=16384 total_us=8246
{"event":"QUARANTINE","pid":566,"slot":3,"signal_rc":-1,"at_us":238413508066}
{"event":"kernel_death","pid":566,"slot":3,"at_us":238413528256}
{"event":"ACCEPT","role_oid":16388,"slot":4,"reason":0,"duplicate":false,"receive_us":14,"validation_us":9031,"reply_us":9081}
2026-10-10 19:21:34.791 UTC [585] LOG:  FLOOOW_TEST_TIMEOUT_RESTORATION preserved=YES custom_active=NO
2026-10-10 19:21:34.791 UTC [585] LOG:  FLOOOW_TEST_ENROLLMENT_ACCEPT role=16388 database=16384 total_us=11870
{"event":"QUARANTINE","pid":585,"slot":4,"signal_rc":-1,"at_us":238414046419}
{"event":"kernel_death","pid":585,"slot":4,"at_us":238414066620}
{"event":"ACCEPT","role_oid":16385,"slot":1,"reason":0,"duplicate":false,"receive_us":19,"validation_us":12676,"reply_us":12720}
2026-10-10 19:21:36.455 UTC [636] LOG:  FLOOOW_TEST_TIMEOUT_RESTORATION preserved=YES custom_active=NO
2026-10-10 19:21:36.455 UTC [636] LOG:  FLOOOW_TEST_ENROLLMENT_ACCEPT role=16385 database=16384 total_us=51162
{"event":"QUARANTINE","pid":636,"slot":1,"signal_rc":-1,"at_us":238415715956}
{"event":"kernel_death","pid":636,"slot":1,"at_us":238415737359}
{"event":"ACCEPT","role_oid":16385,"slot":1,"reason":0,"duplicate":false,"receive_us":22,"validation_us":9027,"reply_us":9128}
2026-10-10 19:21:36.947 UTC [654] LOG:  FLOOOW_TEST_TIMEOUT_RESTORATION preserved=YES custom_active=NO
2026-10-10 19:21:36.948 UTC [654] LOG:  FLOOOW_TEST_ENROLLMENT_ACCEPT role=16385 database=16384 total_us=11810
{"event":"QUARANTINE","pid":654,"slot":1,"signal_rc":-1,"at_us":238416203372}
{"event":"kernel_death","pid":654,"slot":1,"at_us":238416223630}
{"event":"ACCEPT","role_oid":16385,"slot":1,"reason":0,"duplicate":false,"receive_us":101,"validation_us":46299,"reply_us":46475}
2026-10-10 19:21:37.431 UTC [672] LOG:  FLOOOW_TEST_TIMEOUT_RESTORATION preserved=YES custom_active=NO
2026-10-10 19:21:37.431 UTC [672] LOG:  FLOOOW_TEST_ENROLLMENT_ACCEPT role=16385 database=16384 total_us=49958
{"event":"QUARANTINE","pid":672,"slot":1,"signal_rc":-1,"at_us":238416688311}
{"event":"kernel_death","pid":672,"slot":1,"at_us":238416708557}
{"event":"DENY","role_oid":0,"slot":0,"reason":1,"duplicate":false,"receive_us":98,"validation_us":0,"reply_us":148}
2026-10-10 19:21:38.146 UTC [700] FATAL:  FLOOOW_TEST_ENROLLMENT_DENIED: invalid or denied ACK
{"event":"ACCEPT","role_oid":16385,"slot":1,"reason":0,"duplicate":false,"receive_us":12,"validation_us":5905,"reply_us":5947}
2026-10-10 19:21:38.822 UTC [728] LOG:  FLOOOW_TEST_TIMEOUT_RESTORATION preserved=YES custom_active=NO
2026-10-10 19:21:38.822 UTC [728] LOG:  FLOOOW_TEST_ENROLLMENT_ACCEPT role=16385 database=16384 total_us=7884
{"event":"QUARANTINE","pid":728,"slot":1,"signal_rc":-1,"at_us":238418081215}
{"event":"kernel_death","pid":728,"slot":1,"at_us":238418101396}
2026-10-10 19:21:39.505 UTC [758] FATAL:  FLOOOW_TEST_ENROLLMENT_DENIED: invalid or denied ACK
{"event":"ACCEPT","role_oid":16385,"slot":1,"reason":0,"duplicate":false,"receive_us":13,"validation_us":6866,"reply_us":6930}
2026-10-10 19:21:40.075 UTC [785] LOG:  FLOOOW_TEST_TIMEOUT_RESTORATION preserved=YES custom_active=NO
2026-10-10 19:21:40.075 UTC [785] LOG:  FLOOOW_TEST_ENROLLMENT_ACCEPT role=16385 database=16384 total_us=9549
{"event":"QUARANTINE","pid":785,"slot":1,"signal_rc":-1,"at_us":238419330457}
{"event":"kernel_death","pid":785,"slot":1,"at_us":238419350651}
2026-10-10 19:21:45.658 UTC [818] FATAL:  FLOOOW_TEST_ENROLLMENT_DENIED: no finite ACCEPT
{"event":"DENY","role_oid":16385,"slot":1,"reason":10,"duplicate":false,"receive_us":14,"validation_us":8590,"reply_us":6008858}
{"event":"ACCEPT","role_oid":16385,"slot":1,"reason":0,"duplicate":false,"receive_us":157,"validation_us":9402,"reply_us":9588}
2026-10-10 19:21:46.893 UTC [971] LOG:  FLOOOW_TEST_TIMEOUT_RESTORATION preserved=YES custom_active=NO
2026-10-10 19:21:46.893 UTC [971] LOG:  FLOOOW_TEST_ENROLLMENT_ACCEPT role=16385 database=16384 total_us=12506
{"event":"QUARANTINE","pid":971,"slot":1,"signal_rc":-1,"at_us":238426149541}
{"event":"kernel_death","pid":971,"slot":1,"at_us":238426169792}
2026-10-10 19:21:52.609 UTC [1007] FATAL:  FLOOOW_TEST_ENROLLMENT_DENIED: no finite ACCEPT
{"event":"DENY","role_oid":16385,"slot":1,"reason":10,"duplicate":false,"receive_us":130,"validation_us":0,"reply_us":5004926}
{"event":"ACCEPT","role_oid":16385,"slot":1,"reason":0,"duplicate":false,"receive_us":14,"validation_us":7997,"reply_us":8054}
2026-10-10 19:21:53.251 UTC [1150] LOG:  FLOOOW_TEST_TIMEOUT_RESTORATION preserved=YES custom_active=NO
2026-10-10 19:21:53.251 UTC [1150] LOG:  FLOOOW_TEST_ENROLLMENT_ACCEPT role=16385 database=16384 total_us=10997
{"event":"QUARANTINE","pid":1150,"slot":1,"signal_rc":-1,"at_us":238432507110}
{"event":"kernel_death","pid":1150,"slot":1,"at_us":238432527357}
2026-10-10 19:21:54.645 UTC [1008] LOG:  could not send data to client: Broken pipe
2026-10-10 19:21:54.646 UTC [1008] FATAL:  connection to client lost
2026-10-10 19:21:59.334 UTC [1203] FATAL:  canceling statement due to user request
2026-10-10 19:21:59.334 UTC [1203] CONTEXT:  SQL statement "SELECT 1 FROM public.flooow_test_binding h JOIN pg_catalog.pg_roles r ON r.oid=h.role_oid WHERE h.role_oid=$1 AND h.role_name=$2 AND h.slot=$3 AND r.rolname=h.role_name AND r.rolcanlogin AND NOT r.rolinherit AND NOT r.rolsuper AND NOT r.rolcreaterole AND NOT r.rolcreatedb AND NOT r.rolreplication AND NOT r.rolbypassrls AND NOT EXISTS(SELECT 1 FROM pg_catalog.pg_auth_members m WHERE m.member=r.oid OR m.roleid=r.oid)"
{"event":"ACCEPT","role_oid":16385,"slot":1,"reason":0,"duplicate":false,"receive_us":38,"validation_us":5807,"reply_us":5870}
2026-10-10 19:22:01.008 UTC [1376] LOG:  FLOOOW_TEST_TIMEOUT_RESTORATION preserved=YES custom_active=NO
2026-10-10 19:22:01.008 UTC [1376] LOG:  FLOOOW_TEST_ENROLLMENT_ACCEPT role=16385 database=16384 total_us=8201
{"event":"QUARANTINE","pid":1376,"slot":1,"signal_rc":-1,"at_us":238440294764}
{"event":"kernel_death","pid":1376,"slot":1,"at_us":238440315014}
{"event":"supervisor_lost"}
2026-10-10 19:22:01.311 UTC [452] LOG:  received fast shutdown request
2026-10-10 19:22:01.311 UTC [452] LOG:  aborting any active transactions
2026-10-10 19:22:01.313 UTC [452] LOG:  background worker "logical replication launcher" (PID 461) exited with exit code 1
2026-10-10 19:22:01.315 UTC [456] LOG:  shutting down
2026-10-10 19:22:01.316 UTC [456] LOG:  checkpoint starting: shutdown immediate
2026-10-10 19:22:01.316 UTC [456] LOG:  checkpoint complete: wrote 23 buffers (0.1%), wrote 3 SLRU buffers; 0 WAL file(s) added, 0 removed, 0 recycled; write=0.001 s, sync=0.001 s, total=0.001 s; sync files=17, longest=0.001 s, average=0.000 s; distance=92 kB, estimate=92 kB; lsn=0/1BD9C68, redo lsn=0/1BD9C68
2026-10-10 19:22:01.330 UTC [452] LOG:  database system is shut down
{"event":"supervisor_started","receiver_child":1451,"postmaster_child":1452,"generation_source":"atomic_pidfd_children"}
{"event":"receiver_armed","epoch":"1416dcd28e55a20deac49bf1fab55cee4c0709bce308bba11ceccd97a581d78d","supervisor_inode":4273385,"postmaster_inode":4273387,"at_us":238441894729}
2026-10-10 19:22:02.674 UTC [1452] LOG:  starting PostgreSQL 18.4 (Debian 18.4-1.pgdg13+1) on x86_64-pc-linux-gnu, compiled by gcc (Debian 14.2.0-19) 14.2.0, 64-bit
2026-10-10 19:22:02.674 UTC [1452] LOG:  listening on Unix socket "/tmp/pgsock/.s.PGSQL.5432"
2026-10-10 19:22:02.678 UTC [1459] LOG:  database system was shut down at 2026-10-10 19:22:01 UTC
2026-10-10 19:22:02.680 UTC [1452] LOG:  database system is ready to accept connections
{"event":"ACCEPT","role_oid":16385,"slot":1,"reason":0,"duplicate":false,"receive_us":47,"validation_us":10476,"reply_us":10564}
2026-10-10 19:22:05.895 UTC [1559] LOG:  FLOOOW_TEST_TIMEOUT_RESTORATION preserved=YES custom_active=NO
2026-10-10 19:22:05.895 UTC [1559] LOG:  FLOOOW_TEST_ENROLLMENT_ACCEPT role=16385 database=16384 total_us=13007
{"event":"QUARANTINE","pid":1559,"slot":1,"signal_rc":-1,"at_us":238445177908}
{"event":"kernel_death","pid":1559,"slot":1,"at_us":238445198129}
{"event":"supervisor_generation_loss","receiver_dead":false,"postmaster_dead":false}
2026-10-10 19:22:07.558 UTC [1452] LOG:  received fast shutdown request
2026-10-10 19:22:07.558 UTC [1452] LOG:  aborting any active transactions
2026-10-10 19:22:07.560 UTC [1452] LOG:  background worker "logical replication launcher" (PID 1462) exited with exit code 1
2026-10-10 19:22:07.562 UTC [1587] FATAL:  FLOOOW_TEST_ENROLLMENT_DENIED: invalid or denied ACK
2026-10-10 19:22:07.564 UTC [1457] LOG:  shutting down
2026-10-10 19:22:07.564 UTC [1457] LOG:  checkpoint starting: shutdown immediate
2026-10-10 19:22:07.565 UTC [1457] LOG:  checkpoint complete: wrote 0 buffers (0.0%), wrote 3 SLRU buffers; 0 WAL file(s) added, 0 removed, 0 recycled; write=0.001 s, sync=0.001 s, total=0.001 s; sync files=2, longest=0.001 s, average=0.001 s; distance=0 kB, estimate=0 kB; lsn=0/1BD9CE0, redo lsn=0/1BD9CE0
2026-10-10 19:22:07.572 UTC [1452] LOG:  database system is shut down
{"event":"supervisor_verified_child_drain"}
{"event":"supervisor_started","receiver_child":1680,"postmaster_child":1681,"generation_source":"atomic_pidfd_children"}
{"event":"receiver_armed","epoch":"38f0f48f06bbbdcdd749b24462b3862fd6a3208a1782284c90f8d24c18a5cc50","supervisor_inode":4274185,"postmaster_inode":4274187,"at_us":238448741503}
2026-10-10 19:22:09.507 UTC [1681] LOG:  starting PostgreSQL 18.4 (Debian 18.4-1.pgdg13+1) on x86_64-pc-linux-gnu, compiled by gcc (Debian 14.2.0-19) 14.2.0, 64-bit
2026-10-10 19:22:09.508 UTC [1681] LOG:  listening on Unix socket "/tmp/pgsock/.s.PGSQL.5432"
2026-10-10 19:22:09.527 UTC [1687] LOG:  database system was shut down at 2026-10-10 19:22:07 UTC
2026-10-10 19:22:09.531 UTC [1681] LOG:  database system is ready to accept connections
{"event":"ACCEPT","role_oid":16385,"slot":1,"reason":0,"duplicate":false,"receive_us":54,"validation_us":10439,"reply_us":10556}
2026-10-10 19:22:12.540 UTC [1772] LOG:  FLOOOW_TEST_TIMEOUT_RESTORATION preserved=YES custom_active=NO
2026-10-10 19:22:12.540 UTC [1772] LOG:  FLOOOW_TEST_ENROLLMENT_ACCEPT role=16385 database=16384 total_us=46859
{"event":"QUARANTINE","pid":1772,"slot":1,"signal_rc":-1,"at_us":238451799086}
{"event":"kernel_death","pid":1772,"slot":1,"at_us":238451819321}
