{"event":"supervisor_started","receiver_child":447,"postmaster_child":448,"generation_source":"atomic_pidfd_children"}
{"event":"receiver_armed","epoch":"5209a80106a59eff04981083124d89bc24bff4c6aa5da7cb3a105f08b65acfa1","supervisor_inode":4278540,"postmaster_inode":4278542,"at_us":238572064096}
2026-10-10 19:24:12.820 UTC [448] LOG:  starting PostgreSQL 18.4 (Debian 18.4-1.pgdg13+1) on x86_64-pc-linux-gnu, compiled by gcc (Debian 14.2.0-19) 14.2.0, 64-bit
2026-10-10 19:24:12.820 UTC [448] LOG:  listening on Unix socket "/tmp/pgsock/.s.PGSQL.5432"
2026-10-10 19:24:12.823 UTC [454] LOG:  database system was shut down at 2026-10-10 19:24:12 UTC
2026-10-10 19:24:12.827 UTC [448] LOG:  database system is ready to accept connections
{"event":"ACCEPT","role_oid":16385,"slot":1,"reason":0,"duplicate":false,"receive_us":50,"validation_us":12232,"reply_us":12316}
2026-10-10 19:24:14.981 UTC [523] LOG:  FLOOOW_TEST_TIMEOUT_RESTORATION preserved=YES custom_active=NO
2026-10-10 19:24:14.981 UTC [523] LOG:  FLOOOW_TEST_ENROLLMENT_ACCEPT role=16385 database=16384 total_us=15729
{"event":"QUARANTINE","pid":523,"slot":1,"signal_rc":-1,"at_us":238574250126}
{"event":"kernel_death","pid":523,"slot":1,"at_us":238574270372}
{"event":"DRAINED","pid":523,"catalog_disappeared":true,"effects":"RECONCILIATION_REQUIRED","at_us":238574275944}
{"event":"ACCEPT","role_oid":16386,"slot":2,"reason":0,"duplicate":false,"receive_us":14,"validation_us":7117,"reply_us":7159}
2026-10-10 19:24:15.309 UTC [538] LOG:  FLOOOW_TEST_TIMEOUT_RESTORATION preserved=YES custom_active=NO
2026-10-10 19:24:15.309 UTC [538] LOG:  FLOOOW_TEST_ENROLLMENT_ACCEPT role=16386 database=16384 total_us=8991
{"event":"QUARANTINE","pid":538,"slot":2,"signal_rc":-1,"at_us":238574578203}
{"event":"kernel_death","pid":538,"slot":2,"at_us":238574598444}
{"event":"DRAINED","pid":538,"catalog_disappeared":true,"effects":"RECONCILIATION_REQUIRED","at_us":238574605176}
{"event":"ACCEPT","role_oid":16387,"slot":3,"reason":0,"duplicate":false,"receive_us":24,"validation_us":6067,"reply_us":6123}
2026-10-10 19:24:15.644 UTC [555] LOG:  FLOOOW_TEST_TIMEOUT_RESTORATION preserved=YES custom_active=NO
2026-10-10 19:24:15.645 UTC [555] LOG:  FLOOOW_TEST_ENROLLMENT_ACCEPT role=16387 database=16384 total_us=9231
{"event":"QUARANTINE","pid":555,"slot":3,"signal_rc":0,"at_us":238574911325}
{"event":"kernel_death","pid":555,"slot":3,"at_us":238574931575}
{"event":"DRAINED","pid":555,"catalog_disappeared":true,"effects":"RECONCILIATION_REQUIRED","at_us":238574937302}
{"event":"ACCEPT","role_oid":16388,"slot":4,"reason":0,"duplicate":false,"receive_us":21,"validation_us":9917,"reply_us":9976}
2026-10-10 19:24:15.984 UTC [571] LOG:  FLOOOW_TEST_TIMEOUT_RESTORATION preserved=YES custom_active=NO
2026-10-10 19:24:15.984 UTC [571] LOG:  FLOOOW_TEST_ENROLLMENT_ACCEPT role=16388 database=16384 total_us=12147
{"event":"QUARANTINE","pid":571,"slot":4,"signal_rc":-1,"at_us":238575253189}
{"event":"kernel_death","pid":571,"slot":4,"at_us":238575273392}
{"event":"DRAINED","pid":571,"catalog_disappeared":true,"effects":"RECONCILIATION_REQUIRED","at_us":238575279070}
2026-10-10 19:24:17.148 UTC [633] FATAL:  FLOOOW_TEST_ENROLLMENT_DENIED: independent eligibility absent
{"event":"ACCEPT","role_oid":16385,"slot":1,"reason":0,"duplicate":false,"receive_us":13,"validation_us":11779,"reply_us":11836}
2026-10-10 19:24:17.725 UTC [661] LOG:  FLOOOW_TEST_TIMEOUT_RESTORATION preserved=YES custom_active=NO
2026-10-10 19:24:17.725 UTC [661] LOG:  FLOOOW_TEST_ENROLLMENT_ACCEPT role=16385 database=16384 total_us=15402
{"event":"QUARANTINE","pid":661,"slot":1,"signal_rc":-1,"at_us":238576996251}
{"event":"kernel_death","pid":661,"slot":1,"at_us":238577016458}
{"event":"DRAINED","pid":661,"catalog_disappeared":true,"effects":"RECONCILIATION_REQUIRED","at_us":238577022160}
2026-10-10 19:24:18.363 UTC [692] FATAL:  FLOOOW_TEST_ENROLLMENT_DENIED: independent eligibility absent
{"event":"ACCEPT","role_oid":16385,"slot":1,"reason":0,"duplicate":false,"receive_us":13,"validation_us":6236,"reply_us":6345}
2026-10-10 19:24:19.079 UTC [718] LOG:  FLOOOW_TEST_TIMEOUT_RESTORATION preserved=YES custom_active=NO
2026-10-10 19:24:19.079 UTC [718] LOG:  FLOOOW_TEST_ENROLLMENT_ACCEPT role=16385 database=16384 total_us=8253
{"event":"QUARANTINE","pid":718,"slot":1,"signal_rc":-1,"at_us":238578347876}
{"event":"kernel_death","pid":718,"slot":1,"at_us":238578368276}
{"event":"DRAINED","pid":718,"catalog_disappeared":true,"effects":"RECONCILIATION_REQUIRED","at_us":238578374189}
{"event":"ACCEPT","role_oid":16385,"slot":1,"reason":0,"duplicate":false,"receive_us":52,"validation_us":7575,"reply_us":7658}
2026-10-10 19:24:19.747 UTC [749] LOG:  FLOOOW_TEST_TIMEOUT_RESTORATION preserved=YES custom_active=NO
2026-10-10 19:24:19.747 UTC [749] LOG:  FLOOOW_TEST_ENROLLMENT_ACCEPT role=16385 database=16384 total_us=9546
{"event":"QUARANTINE","pid":749,"slot":1,"signal_rc":-1,"at_us":238581617387}
{"event":"DRAINING","pid":749,"signal_rc":-1,"at_us":238581819226}
{"event":"DRAINING","pid":749,"signal_rc":-1,"at_us":238582021059}
2026-10-10 19:24:22.762 UTC [910] FATAL:  FLOOOW_TEST_ENROLLMENT_DENIED: independent eligibility absent
{"event":"DRAINING","pid":749,"signal_rc":-1,"at_us":238582223149}
{"event":"DRAINING","pid":749,"signal_rc":-1,"at_us":238582426675}
{"event":"DRAINING","pid":749,"signal_rc":-1,"at_us":238582629066}
{"event":"DRAINING","pid":749,"signal_rc":-1,"at_us":238582831037}
{"event":"DRAINING","pid":749,"signal_rc":-1,"at_us":238583033229}
{"event":"DRAINING","pid":749,"signal_rc":-1,"at_us":238583235408}
{"event":"DRAINING","pid":749,"signal_rc":-1,"at_us":238583437376}
{"event":"DRAINING","pid":749,"signal_rc":-1,"at_us":238583639613}
{"event":"DRAINING","pid":749,"signal_rc":-1,"at_us":238583841790}
{"event":"DRAINING","pid":749,"signal_rc":-1,"at_us":238584063597}
{"event":"DRAINING","pid":749,"signal_rc":-1,"at_us":238584302993}
{"event":"DENY","role_oid":16385,"slot":1,"reason":11,"duplicate":false,"receive_us":14,"validation_us":0,"reply_us":60}
2026-10-10 19:24:25.042 UTC [973] FATAL:  FLOOOW_TEST_ENROLLMENT_DENIED: invalid or denied ACK
{"event":"DRAINING","pid":749,"signal_rc":-1,"at_us":238584507858}
{"event":"DRAINING","pid":749,"signal_rc":0,"at_us":238584726042}
2026-10-10 19:24:25.465 UTC [749] FATAL:  terminating connection due to administrator command
2026-10-10 19:24:25.465 UTC [749] STATEMENT:  SELECT pg_sleep(20);
{"event":"kernel_death","pid":749,"slot":1,"at_us":238584746397}
{"event":"DRAINED","pid":749,"catalog_disappeared":true,"effects":"RECONCILIATION_REQUIRED","at_us":238584752627}
{"event":"supervisor_lost"}
2026-10-10 19:24:26.525 UTC [448] LOG:  received fast shutdown request
2026-10-10 19:24:26.525 UTC [448] LOG:  aborting any active transactions
2026-10-10 19:24:26.537 UTC [448] LOG:  background worker "logical replication launcher" (PID 457) exited with exit code 1
2026-10-10 19:24:26.537 UTC [452] LOG:  shutting down
2026-10-10 19:24:26.537 UTC [452] LOG:  checkpoint starting: shutdown immediate
2026-10-10 19:24:26.538 UTC [452] LOG:  checkpoint complete: wrote 23 buffers (0.1%), wrote 3 SLRU buffers; 0 WAL file(s) added, 0 removed, 0 recycled; write=0.001 s, sync=0.001 s, total=0.001 s; sync files=17, longest=0.001 s, average=0.000 s; distance=91 kB, estimate=91 kB; lsn=0/1BD9BA0, redo lsn=0/1BD9BA0
2026-10-10 19:24:26.545 UTC [448] LOG:  database system is shut down
{"event":"supervisor_started","receiver_child":1076,"postmaster_child":1077,"generation_source":"atomic_pidfd_children"}
{"event":"receiver_armed","epoch":"792416c3619b6bddbc03a48c969ff5b75d31b3076d7ed2e04672ccf2a1f486d1","supervisor_inode":4280243,"postmaster_inode":4280245,"at_us":238586986981}
2026-10-10 19:24:27.764 UTC [1077] LOG:  starting PostgreSQL 18.4 (Debian 18.4-1.pgdg13+1) on x86_64-pc-linux-gnu, compiled by gcc (Debian 14.2.0-19) 14.2.0, 64-bit
2026-10-10 19:24:27.764 UTC [1077] LOG:  listening on Unix socket "/tmp/pgsock/.s.PGSQL.5432"
2026-10-10 19:24:27.778 UTC [1085] LOG:  database system was shut down at 2026-10-10 19:24:26 UTC
2026-10-10 19:24:27.782 UTC [1077] LOG:  database system is ready to accept connections
{"event":"ACCEPT","role_oid":16385,"slot":1,"reason":0,"duplicate":false,"receive_us":34,"validation_us":10284,"reply_us":10362}
2026-10-10 19:24:31.092 UTC [1186] LOG:  FLOOOW_TEST_TIMEOUT_RESTORATION preserved=YES custom_active=NO
2026-10-10 19:24:31.092 UTC [1186] LOG:  FLOOOW_TEST_ENROLLMENT_ACCEPT role=16385 database=16384 total_us=13251
{"event":"QUARANTINE","pid":1186,"slot":1,"signal_rc":-1,"at_us":238590366046}
{"event":"kernel_death","pid":1186,"slot":1,"at_us":238590386280}
{"event":"DRAINED","pid":1186,"catalog_disappeared":true,"effects":"RECONCILIATION_REQUIRED","at_us":238590392892}
