{"event":"supervisor_started","receiver_child":445,"postmaster_child":446,"generation_source":"atomic_pidfd_children"}
{"event":"receiver_armed","epoch":"b6292226bfea0535378f31994cc6c455894ed9acdb56e1539618edc914309362","supervisor_inode":4313256,"postmaster_inode":4313258,"at_us":238999419105}
2026-10-10 19:31:20.145 UTC [446] LOG:  starting PostgreSQL 18.4 (Debian 18.4-1.pgdg13+1) on x86_64-pc-linux-gnu, compiled by gcc (Debian 14.2.0-19) 14.2.0, 64-bit
2026-10-10 19:31:20.145 UTC [446] LOG:  listening on Unix socket "/tmp/pgsock/.s.PGSQL.5432"
2026-10-10 19:31:20.149 UTC [452] LOG:  database system was shut down at 2026-10-10 19:31:19 UTC
2026-10-10 19:31:20.152 UTC [446] LOG:  database system is ready to accept connections
{"event":"ACCEPT","role_oid":16385,"slot":1,"reason":0,"duplicate":false,"receive_us":211,"validation_us":9487,"reply_us":9740}
2026-10-10 19:31:22.941 UTC [528] LOG:  FLOOOW_TEST_TIMEOUT_RESTORATION preserved=YES custom_active=NO
2026-10-10 19:31:22.941 UTC [528] LOG:  FLOOOW_TEST_ENROLLMENT_ACCEPT role=16385 database=16384 total_us=14171
{"event":"QUARANTINE","pid":528,"slot":1,"signal_rc":-1,"at_us":239002252077}
{"event":"kernel_death","pid":528,"slot":1,"at_us":239002272269}
{"event":"DRAINED","pid":528,"catalog_disappeared":true,"effects":"RECONCILIATION_REQUIRED","at_us":239002278898}
{"event":"ACCEPT","role_oid":16386,"slot":2,"reason":0,"duplicate":false,"receive_us":89,"validation_us":15400,"reply_us":15554}
2026-10-10 19:31:23.611 UTC [545] LOG:  FLOOOW_TEST_TIMEOUT_RESTORATION preserved=YES custom_active=NO
2026-10-10 19:31:23.611 UTC [545] LOG:  FLOOOW_TEST_ENROLLMENT_ACCEPT role=16386 database=16384 total_us=18882
{"event":"QUARANTINE","pid":545,"slot":2,"signal_rc":-1,"at_us":239002914026}
{"event":"kernel_death","pid":545,"slot":2,"at_us":239002934302}
{"event":"DRAINED","pid":545,"catalog_disappeared":true,"effects":"RECONCILIATION_REQUIRED","at_us":239002940827}
{"event":"ACCEPT","role_oid":16387,"slot":3,"reason":0,"duplicate":false,"receive_us":22,"validation_us":8278,"reply_us":8373}
2026-10-10 19:31:24.265 UTC [561] LOG:  FLOOOW_TEST_TIMEOUT_RESTORATION preserved=YES custom_active=NO
2026-10-10 19:31:24.265 UTC [561] LOG:  FLOOOW_TEST_ENROLLMENT_ACCEPT role=16387 database=16384 total_us=10313
{"event":"QUARANTINE","pid":561,"slot":3,"signal_rc":-1,"at_us":239003566396}
{"event":"kernel_death","pid":561,"slot":3,"at_us":239003586656}
{"event":"DRAINED","pid":561,"catalog_disappeared":true,"effects":"RECONCILIATION_REQUIRED","at_us":239003592520}
{"event":"ACCEPT","role_oid":16388,"slot":4,"reason":0,"duplicate":false,"receive_us":15,"validation_us":7284,"reply_us":7373}
2026-10-10 19:31:24.620 UTC [580] LOG:  FLOOOW_TEST_TIMEOUT_RESTORATION preserved=YES custom_active=NO
2026-10-10 19:31:24.620 UTC [580] LOG:  FLOOOW_TEST_ENROLLMENT_ACCEPT role=16388 database=16384 total_us=9853
{"event":"QUARANTINE","pid":580,"slot":4,"signal_rc":-1,"at_us":239003955035}
{"event":"kernel_death","pid":580,"slot":4,"at_us":239003975321}
{"event":"DRAINED","pid":580,"catalog_disappeared":true,"effects":"RECONCILIATION_REQUIRED","at_us":239003982648}
{"event":"ACCEPT","role_oid":16385,"slot":1,"reason":0,"duplicate":false,"receive_us":45,"validation_us":9815,"reply_us":9904}
2026-10-10 19:31:28.756 UTC [705] LOG:  FLOOOW_TEST_TIMEOUT_RESTORATION preserved=YES custom_active=NO
2026-10-10 19:31:28.756 UTC [705] LOG:  FLOOOW_TEST_ENROLLMENT_ACCEPT role=16385 database=16384 total_us=12466
{"event":"QUARANTINE","pid":705,"slot":1,"signal_rc":-1,"at_us":239008058360}
{"event":"kernel_death","pid":705,"slot":1,"at_us":239008078579}
{"event":"DRAINED","pid":705,"catalog_disappeared":true,"effects":"RECONCILIATION_REQUIRED","at_us":239008084460}
