{"event":"supervisor_started","receiver_child":528,"postmaster_child":529,"generation_source":"atomic_pidfd_children"}
{"event":"receiver_armed","atomic_postmaster_anchor":true}
2026-10-10 19:10:21.902 UTC [529] LOG:  starting PostgreSQL 18.4 (Debian 18.4-1.pgdg13+1) on x86_64-pc-linux-gnu, compiled by gcc (Debian 14.2.0-19) 14.2.0, 64-bit
2026-10-10 19:10:21.902 UTC [529] LOG:  listening on Unix socket "/tmp/pgsock/.s.PGSQL.5432"
2026-10-10 19:10:21.906 UTC [535] LOG:  database system was shut down at 2026-10-10 19:10:21 UTC
2026-10-10 19:10:21.909 UTC [529] LOG:  database system is ready to accept connections
{"event":"ACCEPT","role_oid":16385,"slot":1,"reason":0,"duplicate":false,"receive_us":24,"validation_us":24278,"reply_us":24396}
2026-10-10 19:10:26.425 UTC [647] LOG:  FLOOOW_TEST_ENROLLMENT_ACCEPT role=16385 database=16384 total_us=29259
{"event":"QUARANTINE","pid":647,"slot":1,"signal_rc":-1,"at_us":237746376623}
{"event":"kernel_death","pid":647,"slot":1,"at_us":237746396890}
2026-10-10 19:10:26.792 UTC [662] FATAL:  FLOOOW_TEST_ENROLLMENT_DENIED: independent eligibility absent
2026-10-10 19:10:27.111 UTC [675] FATAL:  FLOOOW_TEST_ENROLLMENT_DENIED: independent eligibility absent
2026-10-10 19:10:27.476 UTC [689] FATAL:  FLOOOW_TEST_ENROLLMENT_DENIED: independent eligibility absent
2026-10-10 19:10:28.525 UTC [728] FATAL:  FLOOOW_TEST_ENROLLMENT_DENIED: independent eligibility absent
2026-10-10 19:10:28.833 UTC [747] FATAL:  FLOOOW_TEST_ENROLLMENT_DENIED: independent eligibility absent
2026-10-10 19:10:29.177 UTC [762] FATAL:  FLOOOW_TEST_ENROLLMENT_DENIED: independent eligibility absent
{"event":"ACCEPT","role_oid":16385,"slot":1,"reason":0,"duplicate":false,"receive_us":16,"validation_us":5929,"reply_us":5973}
2026-10-10 19:10:29.496 UTC [775] LOG:  FLOOOW_TEST_ENROLLMENT_ACCEPT role=16385 database=16384 total_us=7807
{"event":"QUARANTINE","pid":775,"slot":1,"signal_rc":-1,"at_us":237749438932}
{"event":"kernel_death","pid":775,"slot":1,"at_us":237749459195}
2026-10-10 19:10:35.988 UTC [959] FATAL:  FLOOOW_TEST_ENROLLMENT_DENIED: independent eligibility absent
2026-10-10 19:10:43.012 UTC [1123] FATAL:  FLOOOW_TEST_ENROLLMENT_DENIED: independent eligibility absent
2026-10-10 19:10:51.099 UTC [1294] FATAL:  FLOOOW_TEST_ENROLLMENT_DENIED: independent eligibility absent
2026-10-10 19:10:58.034 UTC [1458] FATAL:  FLOOOW_TEST_ENROLLMENT_DENIED: independent eligibility absent
2026-10-10 19:11:05.130 UTC [1630] FATAL:  FLOOOW_TEST_ENROLLMENT_DENIED: independent eligibility absent
