{"event":"supervisor_started","receiver_child":1097,"postmaster_child":1098,"generation_source":"atomic_pidfd_children"}
{"event":"receiver_armed","atomic_postmaster_anchor":true}
2026-10-10 18:39:23.906 UTC [1098] LOG:  starting PostgreSQL 18.4 (Debian 18.4-1.pgdg13+1) on x86_64-pc-linux-gnu, compiled by gcc (Debian 14.2.0-19) 14.2.0, 64-bit
2026-10-10 18:39:23.906 UTC [1098] LOG:  listening on Unix socket "/tmp/pgsock/.s.PGSQL.5432"
2026-10-10 18:39:23.910 UTC [1104] LOG:  database system was shut down at 2026-10-10 18:39:22 UTC
2026-10-10 18:39:23.915 UTC [1098] LOG:  database system is ready to accept connections
{"event":"ACCEPT","role_oid":16385,"slot":1,"reason":0,"duplicate":false,"receive_us":202,"validation_us":6915,"reply_us":7209}
2026-10-10 18:39:24.533 UTC [1121] LOG:  FLOOOW_TEST_ENROLLMENT_ACCEPT role=16385 database=16384 total_us=9856
{"event":"backend_exit_invalidated","slot":1}
{"event":"ACCEPT","role_oid":16385,"slot":1,"reason":0,"duplicate":false,"receive_us":148,"validation_us":5113,"reply_us":5289}
2026-10-10 18:39:25.288 UTC [1135] LOG:  FLOOOW_TEST_ENROLLMENT_ACCEPT role=16385 database=16384 total_us=6958
{"event":"backend_exit_invalidated","slot":1}
{"event":"ACCEPT","role_oid":16385,"slot":1,"reason":0,"duplicate":false,"receive_us":214,"validation_us":5201,"reply_us":5446}
2026-10-10 18:39:25.545 UTC [1143] LOG:  FLOOOW_TEST_ENROLLMENT_ACCEPT role=16385 database=16384 total_us=7060
{"event":"backend_exit_invalidated","slot":1}
{"event":"ACCEPT","role_oid":16385,"slot":1,"reason":0,"duplicate":false,"receive_us":313,"validation_us":6395,"reply_us":6739}
2026-10-10 18:39:25.824 UTC [1151] LOG:  FLOOOW_TEST_ENROLLMENT_ACCEPT role=16385 database=16384 total_us=8549
{"event":"backend_exit_invalidated","slot":1}
{"event":"ACCEPT","role_oid":16385,"slot":1,"reason":0,"duplicate":false,"receive_us":181,"validation_us":4982,"reply_us":5184}
2026-10-10 18:39:26.125 UTC [1165] LOG:  FLOOOW_TEST_ENROLLMENT_ACCEPT role=16385 database=16384 total_us=6831
{"event":"backend_exit_invalidated","slot":1}
{"event":"ACCEPT","role_oid":16385,"slot":1,"reason":0,"duplicate":false,"receive_us":259,"validation_us":5766,"reply_us":6055}
2026-10-10 18:39:26.396 UTC [1173] LOG:  FLOOOW_TEST_ENROLLMENT_ACCEPT role=16385 database=16384 total_us=8010
{"event":"backend_exit_invalidated","slot":1}
{"event":"ACCEPT","role_oid":16385,"slot":1,"reason":0,"duplicate":false,"receive_us":249,"validation_us":6544,"reply_us":6826}
2026-10-10 18:39:26.827 UTC [1181] LOG:  FLOOOW_TEST_ENROLLMENT_ACCEPT role=16385 database=16384 total_us=11642
{"event":"backend_exit_invalidated","slot":1}
