{"event":"supervisor_started","receiver_child":273,"postmaster_child":274,"generation_source":"atomic_pidfd_children"}
{"event":"receiver_armed","atomic_postmaster_anchor":true}
2026-10-10 18:38:32.201 UTC [274] LOG:  starting PostgreSQL 18.4 (Debian 18.4-1.pgdg13+1) on x86_64-pc-linux-gnu, compiled by gcc (Debian 14.2.0-19) 14.2.0, 64-bit
2026-10-10 18:38:32.201 UTC [274] LOG:  listening on Unix socket "/tmp/pgsock/.s.PGSQL.5432"
2026-10-10 18:38:32.204 UTC [280] LOG:  database system was shut down at 2026-10-10 18:38:31 UTC
2026-10-10 18:38:32.208 UTC [274] LOG:  database system is ready to accept connections
{"event":"ACCEPT","role_oid":16385,"slot":1,"reason":0,"duplicate":false,"receive_us":278,"validation_us":7688,"reply_us":8001}
2026-10-10 18:38:33.062 UTC [304] LOG:  FLOOOW_TEST_ENROLLMENT_ACCEPT role=16385 database=16384 total_us=11011
{"event":"backend_exit_invalidated","slot":1}
{"event":"ACCEPT","role_oid":16386,"slot":2,"reason":0,"duplicate":false,"receive_us":272,"validation_us":5208,"reply_us":5510}
2026-10-10 18:38:33.354 UTC [313] LOG:  FLOOOW_TEST_ENROLLMENT_ACCEPT role=16386 database=16384 total_us=7681
{"event":"backend_exit_invalidated","slot":2}
{"event":"ACCEPT","role_oid":16387,"slot":3,"reason":0,"duplicate":false,"receive_us":223,"validation_us":5666,"reply_us":5919}
2026-10-10 18:38:33.628 UTC [322] LOG:  FLOOOW_TEST_ENROLLMENT_ACCEPT role=16387 database=16384 total_us=7505
{"event":"backend_exit_invalidated","slot":3}
{"event":"ACCEPT","role_oid":16388,"slot":4,"reason":0,"duplicate":false,"receive_us":238,"validation_us":5116,"reply_us":5403}
2026-10-10 18:38:33.936 UTC [330] LOG:  FLOOOW_TEST_ENROLLMENT_ACCEPT role=16388 database=16384 total_us=7504
{"event":"backend_exit_invalidated","slot":4}
{"event":"ACCEPT","role_oid":16385,"slot":1,"reason":0,"duplicate":false,"receive_us":222,"validation_us":5043,"reply_us":5294}
2026-10-10 18:38:34.223 UTC [338] LOG:  FLOOOW_TEST_ENROLLMENT_ACCEPT role=16385 database=16384 total_us=6915
{"event":"backend_exit_invalidated","slot":1}
{"event":"ACCEPT","role_oid":16386,"slot":2,"reason":0,"duplicate":false,"receive_us":252,"validation_us":5807,"reply_us":6124}
2026-10-10 18:38:34.544 UTC [346] LOG:  FLOOOW_TEST_ENROLLMENT_ACCEPT role=16386 database=16384 total_us=7860
{"event":"backend_exit_invalidated","slot":2}
{"event":"ACCEPT","role_oid":16387,"slot":3,"reason":0,"duplicate":false,"receive_us":355,"validation_us":5708,"reply_us":6117}
2026-10-10 18:38:34.870 UTC [354] LOG:  FLOOOW_TEST_ENROLLMENT_ACCEPT role=16387 database=16384 total_us=8360
{"event":"backend_exit_invalidated","slot":3}
{"event":"ACCEPT","role_oid":16388,"slot":4,"reason":0,"duplicate":false,"receive_us":269,"validation_us":7274,"reply_us":7572}
2026-10-10 18:38:35.181 UTC [362] LOG:  FLOOOW_TEST_ENROLLMENT_ACCEPT role=16388 database=16384 total_us=9491
{"event":"backend_exit_invalidated","slot":4}
{"event":"ACCEPT","role_oid":16385,"slot":1,"reason":0,"duplicate":false,"receive_us":175,"validation_us":5211,"reply_us":5418}
2026-10-10 18:38:35.520 UTC [370] LOG:  FLOOOW_TEST_ENROLLMENT_ACCEPT role=16385 database=16384 total_us=7133
{"event":"backend_exit_invalidated","slot":1}
{"event":"ACCEPT","role_oid":16386,"slot":2,"reason":0,"duplicate":false,"receive_us":190,"validation_us":5732,"reply_us":5954}
2026-10-10 18:38:35.796 UTC [378] LOG:  FLOOOW_TEST_ENROLLMENT_ACCEPT role=16386 database=16384 total_us=7648
{"event":"backend_exit_invalidated","slot":2}
{"event":"ACCEPT","role_oid":16387,"slot":3,"reason":0,"duplicate":false,"receive_us":215,"validation_us":5269,"reply_us":5512}
2026-10-10 18:38:36.067 UTC [386] LOG:  FLOOOW_TEST_ENROLLMENT_ACCEPT role=16387 database=16384 total_us=7108
{"event":"backend_exit_invalidated","slot":3}
{"event":"ACCEPT","role_oid":16388,"slot":4,"reason":0,"duplicate":false,"receive_us":225,"validation_us":5145,"reply_us":5397}
2026-10-10 18:38:36.360 UTC [394] LOG:  FLOOOW_TEST_ENROLLMENT_ACCEPT role=16388 database=16384 total_us=7245
{"event":"backend_exit_invalidated","slot":4}
{"event":"ACCEPT","role_oid":16385,"slot":1,"reason":0,"duplicate":false,"receive_us":401,"validation_us":10632,"reply_us":11069}
2026-10-10 18:38:36.733 UTC [402] LOG:  FLOOOW_TEST_ENROLLMENT_ACCEPT role=16385 database=16384 total_us=13518
{"event":"backend_exit_invalidated","slot":1}
{"event":"ACCEPT","role_oid":16386,"slot":2,"reason":0,"duplicate":false,"receive_us":218,"validation_us":5211,"reply_us":5462}
2026-10-10 18:38:37.028 UTC [410] LOG:  FLOOOW_TEST_ENROLLMENT_ACCEPT role=16386 database=16384 total_us=7029
{"event":"backend_exit_invalidated","slot":2}
{"event":"ACCEPT","role_oid":16387,"slot":3,"reason":0,"duplicate":false,"receive_us":296,"validation_us":7280,"reply_us":7609}
2026-10-10 18:38:37.342 UTC [418] LOG:  FLOOOW_TEST_ENROLLMENT_ACCEPT role=16387 database=16384 total_us=10304
{"event":"backend_exit_invalidated","slot":3}
{"event":"ACCEPT","role_oid":16388,"slot":4,"reason":0,"duplicate":false,"receive_us":309,"validation_us":8336,"reply_us":8686}
2026-10-10 18:38:37.681 UTC [426] LOG:  FLOOOW_TEST_ENROLLMENT_ACCEPT role=16388 database=16384 total_us=11153
{"event":"backend_exit_invalidated","slot":4}
{"event":"ACCEPT","role_oid":16385,"slot":1,"reason":0,"duplicate":false,"receive_us":185,"validation_us":6321,"reply_us":6535}
2026-10-10 18:38:37.985 UTC [434] LOG:  FLOOOW_TEST_ENROLLMENT_ACCEPT role=16385 database=16384 total_us=8370
{"event":"backend_exit_invalidated","slot":1}
{"event":"ACCEPT","role_oid":16386,"slot":2,"reason":0,"duplicate":false,"receive_us":231,"validation_us":7019,"reply_us":7287}
2026-10-10 18:38:38.277 UTC [442] LOG:  FLOOOW_TEST_ENROLLMENT_ACCEPT role=16386 database=16384 total_us=9909
{"event":"backend_exit_invalidated","slot":2}
{"event":"ACCEPT","role_oid":16387,"slot":3,"reason":0,"duplicate":false,"receive_us":263,"validation_us":13144,"reply_us":13434}
2026-10-10 18:38:38.605 UTC [450] LOG:  FLOOOW_TEST_ENROLLMENT_ACCEPT role=16387 database=16384 total_us=15648
{"event":"backend_exit_invalidated","slot":3}
{"event":"ACCEPT","role_oid":16388,"slot":4,"reason":0,"duplicate":false,"receive_us":203,"validation_us":7789,"reply_us":8030}
2026-10-10 18:38:38.943 UTC [458] LOG:  FLOOOW_TEST_ENROLLMENT_ACCEPT role=16388 database=16384 total_us=10975
{"event":"backend_exit_invalidated","slot":4}
{"event":"ACCEPT","role_oid":16385,"slot":1,"reason":0,"duplicate":false,"receive_us":211,"validation_us":6401,"reply_us":6653}
2026-10-10 18:38:39.368 UTC [466] LOG:  FLOOOW_TEST_ENROLLMENT_ACCEPT role=16385 database=16384 total_us=8594
{"event":"backend_exit_invalidated","slot":1}
{"event":"ACCEPT","role_oid":16386,"slot":2,"reason":0,"duplicate":false,"receive_us":248,"validation_us":6030,"reply_us":6313}
2026-10-10 18:38:39.682 UTC [474] LOG:  FLOOOW_TEST_ENROLLMENT_ACCEPT role=16386 database=16384 total_us=8004
{"event":"backend_exit_invalidated","slot":2}
{"event":"ACCEPT","role_oid":16387,"slot":3,"reason":0,"duplicate":false,"receive_us":300,"validation_us":6711,"reply_us":7041}
2026-10-10 18:38:40.277 UTC [482] LOG:  FLOOOW_TEST_ENROLLMENT_ACCEPT role=16387 database=16384 total_us=9554
{"event":"backend_exit_invalidated","slot":3}
{"event":"ACCEPT","role_oid":16388,"slot":4,"reason":0,"duplicate":false,"receive_us":319,"validation_us":6900,"reply_us":7294}
2026-10-10 18:38:40.642 UTC [490] LOG:  FLOOOW_TEST_ENROLLMENT_ACCEPT role=16388 database=16384 total_us=10230
{"event":"backend_exit_invalidated","slot":4}
{"event":"ACCEPT","role_oid":16385,"slot":1,"reason":0,"duplicate":false,"receive_us":408,"validation_us":7690,"reply_us":8127}
{"event":"ACCEPT","role_oid":16385,"slot":1,"reason":0,"duplicate":true,"receive_us":62,"validation_us":5567,"reply_us":5664}
2026-10-10 18:38:41.612 UTC [510] LOG:  FLOOOW_TEST_ENROLLMENT_ACCEPT role=16385 database=16384 total_us=16901
{"event":"backend_exit_invalidated","slot":1}
{"event":"DENY","role_oid":16385,"slot":1,"reason":3,"duplicate":false,"receive_us":229,"validation_us":0,"reply_us":267}
2026-10-10 18:38:42.662 UTC [537] FATAL:  FLOOOW_TEST_ENROLLMENT_DENIED: invalid or denied ACK
{"event":"DENY","role_oid":16385,"slot":1,"reason":3,"duplicate":false,"receive_us":291,"validation_us":0,"reply_us":331}
2026-10-10 18:38:43.471 UTC [556] FATAL:  FLOOOW_TEST_ENROLLMENT_DENIED: invalid or denied ACK
{"event":"DENY","role_oid":16385,"slot":1,"reason":3,"duplicate":false,"receive_us":278,"validation_us":0,"reply_us":321}
2026-10-10 18:38:44.256 UTC [575] FATAL:  FLOOOW_TEST_ENROLLMENT_DENIED: invalid or denied ACK
{"event":"DENY","role_oid":16385,"slot":1,"reason":3,"duplicate":false,"receive_us":216,"validation_us":0,"reply_us":289}
2026-10-10 18:38:45.038 UTC [595] FATAL:  FLOOOW_TEST_ENROLLMENT_DENIED: invalid or denied ACK
{"event":"DENY","role_oid":16385,"slot":2,"reason":3,"duplicate":false,"receive_us":235,"validation_us":0,"reply_us":282}
2026-10-10 18:38:45.887 UTC [615] FATAL:  FLOOOW_TEST_ENROLLMENT_DENIED: invalid or denied ACK
{"event":"DENY","role_oid":0,"slot":0,"reason":1,"duplicate":false,"receive_us":249,"validation_us":0,"reply_us":272}
2026-10-10 18:38:47.066 UTC [634] FATAL:  FLOOOW_TEST_ENROLLMENT_DENIED: invalid or denied ACK
{"event":"DENY","role_oid":0,"slot":0,"reason":1,"duplicate":false,"receive_us":229,"validation_us":0,"reply_us":264}
2026-10-10 18:38:48.019 UTC [653] FATAL:  FLOOOW_TEST_ENROLLMENT_DENIED: invalid or denied ACK
2026-10-10 18:38:48.895 UTC [672] FATAL:  FLOOOW_TEST_ENROLLMENT_DENIED: unsafe or absent namespace
2026-10-10 18:38:49.843 UTC [691] FATAL:  FLOOOW_TEST_ENROLLMENT_DENIED: unsafe or absent namespace
2026-10-10 18:38:51.295 UTC [723] FATAL:  FLOOOW_TEST_ENROLLMENT_DENIED: unsafe or absent namespace
2026-10-10 18:38:57.505 UTC [758] FATAL:  canceling statement due to statement timeout
2026-10-10 18:38:57.505 UTC [758] CONTEXT:  SQL statement "SELECT 1 FROM public.flooow_test_binding h JOIN pg_catalog.pg_roles r ON r.oid=h.role_oid WHERE h.role_oid=$1 AND h.role_name=$2 AND h.slot=$3 AND r.rolname=h.role_name AND r.rolcanlogin AND NOT r.rolinherit AND NOT r.rolsuper AND NOT r.rolcreaterole AND NOT r.rolcreatedb AND NOT r.rolreplication AND NOT r.rolbypassrls AND NOT EXISTS(SELECT 1 FROM pg_catalog.pg_auth_members m WHERE m.member=r.oid OR m.roleid=r.oid)"
2026-10-10 18:39:04.480 UTC [771] FATAL:  FLOOOW_TEST_ENROLLMENT_DENIED: no finite ACCEPT
{"event":"DENY","role_oid":16385,"slot":1,"reason":10,"duplicate":false,"receive_us":238,"validation_us":0,"reply_us":5001640}
2026-10-10 18:39:05.293 UTC [785] FATAL:  permission denied for database "postgres"
2026-10-10 18:39:05.293 UTC [785] DETAIL:  User does not have CONNECT privilege.
{"event":"ACCEPT","role_oid":16385,"slot":1,"reason":0,"duplicate":false,"receive_us":394,"validation_us":11559,"reply_us":12027}
2026-10-10 18:39:05.838 UTC [799] LOG:  FLOOOW_TEST_ENROLLMENT_ACCEPT role=16385 database=16384 total_us=14717
{"event":"ACCEPT","role_oid":16385,"slot":1,"reason":0,"duplicate":false,"receive_us":296,"validation_us":7534,"reply_us":7908}
2026-10-10 18:39:05.847 UTC [801] LOG:  FLOOOW_TEST_ENROLLMENT_ACCEPT role=16385 database=16384 total_us=10249
{"event":"backend_exit_invalidated","slot":1}
{"event":"backend_exit_invalidated","slot":1}
2026-10-10 18:39:06.493 UTC [772] LOG:  could not send data to client: Broken pipe
2026-10-10 18:39:06.493 UTC [772] FATAL:  connection to client lost
2026-10-10 18:39:06.917 UTC [816] FATAL:  FLOOOW_TEST_ENROLLMENT_DENIED: header absent or role invalid
{"event":"ACCEPT","role_oid":16385,"slot":1,"reason":0,"duplicate":false,"receive_us":367,"validation_us":8115,"reply_us":8527}
2026-10-10 18:39:07.724 UTC [830] LOG:  FLOOOW_TEST_ENROLLMENT_ACCEPT role=16385 database=16384 total_us=13025
{"event":"backend_exit_invalidated","slot":1}
{"event":"ACCEPT","role_oid":16385,"slot":1,"reason":0,"duplicate":false,"receive_us":280,"validation_us":7400,"reply_us":7757}
2026-10-10 18:39:08.134 UTC [838] LOG:  FLOOOW_TEST_ENROLLMENT_ACCEPT role=16385 database=16384 total_us=10343
{"event":"backend_exit_invalidated","slot":1}
{"event":"ACCEPT","role_oid":16385,"slot":1,"reason":0,"duplicate":false,"receive_us":283,"validation_us":9722,"reply_us":10076}
2026-10-10 18:39:08.528 UTC [846] LOG:  FLOOOW_TEST_ENROLLMENT_ACCEPT role=16385 database=16384 total_us=14693
{"event":"backend_exit_invalidated","slot":1}
{"event":"ACCEPT","role_oid":16385,"slot":1,"reason":0,"duplicate":false,"receive_us":283,"validation_us":5838,"reply_us":6189}
2026-10-10 18:39:08.858 UTC [854] LOG:  FLOOOW_TEST_ENROLLMENT_ACCEPT role=16385 database=16384 total_us=8064
{"event":"backend_exit_invalidated","slot":1}
2026-10-10 18:39:09.558 UTC [869] FATAL:  FLOOOW_TEST_ENROLLMENT_DENIED: header absent or role invalid
2026-10-10 18:39:10.420 UTC [890] FATAL:  FLOOOW_TEST_ENROLLMENT_DENIED: allocated identity mismatch
2026-10-10 18:39:11.390 UTC [911] FATAL:  FLOOOW_TEST_ENROLLMENT_DENIED: header absent or role invalid
2026-10-10 18:39:12.245 UTC [932] FATAL:  FLOOOW_TEST_ENROLLMENT_DENIED: invalid or denied ACK
2026-10-10 18:39:18.021 UTC [952] FATAL:  FLOOOW_TEST_ENROLLMENT_DENIED: no finite ACCEPT
{"event":"DENY","role_oid":16385,"slot":1,"reason":10,"duplicate":false,"receive_us":241,"validation_us":4904,"reply_us":6005281}
2026-10-10 18:39:19.064 UTC [973] FATAL:  FLOOOW_TEST_ENROLLMENT_DENIED: allocated identity mismatch
2026-10-10 18:39:19.941 UTC [274] LOG:  received fast shutdown request
2026-10-10 18:39:19.941 UTC [274] LOG:  aborting any active transactions
2026-10-10 18:39:19.944 UTC [274] LOG:  background worker "logical replication launcher" (PID 283) exited with exit code 1
2026-10-10 18:39:19.946 UTC [278] LOG:  shutting down
2026-10-10 18:39:19.946 UTC [278] LOG:  checkpoint starting: shutdown immediate
2026-10-10 18:39:19.948 UTC [278] LOG:  checkpoint complete: wrote 32 buffers (0.2%), wrote 3 SLRU buffers; 0 WAL file(s) added, 0 removed, 0 recycled; write=0.002 s, sync=0.001 s, total=0.002 s; sync files=30, longest=0.001 s, average=0.000 s; distance=78 kB, estimate=78 kB; lsn=0/1BBA530, redo lsn=0/1BBA530
2026-10-10 18:39:19.954 UTC [274] LOG:  database system is shut down
{"event":"supervisor_generation_loss","receiver_dead":false,"postmaster_dead":true}
{"event":"control_generation_invalidated"}
{"event":"supervisor_verified_child_drain"}
