{"event":"supervisor_started","receiver_child":1011,"postmaster_child":1012,"generation_source":"atomic_pidfd_children"}
{"event":"receiver_armed","atomic_postmaster_anchor":true}
2026-10-10 18:39:20.876 UTC [1012] LOG:  starting PostgreSQL 18.4 (Debian 18.4-1.pgdg13+1) on x86_64-pc-linux-gnu, compiled by gcc (Debian 14.2.0-19) 14.2.0, 64-bit
2026-10-10 18:39:20.876 UTC [1012] LOG:  listening on Unix socket "/tmp/pgsock/.s.PGSQL.5432"
2026-10-10 18:39:20.880 UTC [1018] LOG:  database system was shut down at 2026-10-10 18:39:19 UTC
2026-10-10 18:39:20.882 UTC [1012] LOG:  database system is ready to accept connections
{"event":"ACCEPT","role_oid":16385,"slot":1,"reason":0,"duplicate":false,"receive_us":202,"validation_us":7016,"reply_us":7273}
2026-10-10 18:39:21.767 UTC [1042] LOG:  FLOOOW_TEST_ENROLLMENT_ACCEPT role=16385 database=16384 total_us=10249
{"event":"backend_exit_invalidated","slot":1}
{"event":"ACCEPT","role_oid":16385,"slot":1,"reason":0,"duplicate":false,"receive_us":331,"validation_us":7406,"reply_us":7778}
2026-10-10 18:39:22.106 UTC [1057] LOG:  FLOOOW_TEST_ENROLLMENT_ACCEPT role=16385 database=16384 total_us=10142
{"event":"supervisor_generation_loss","receiver_dead":false,"postmaster_dead":false}
2026-10-10 18:39:22.792 UTC [1012] LOG:  received fast shutdown request
2026-10-10 18:39:22.792 UTC [1012] LOG:  aborting any active transactions
2026-10-10 18:39:22.793 UTC [1057] FATAL:  terminating connection due to administrator command
2026-10-10 18:39:22.793 UTC [1057] STATEMENT:  SELECT pg_sleep(20);
2026-10-10 18:39:22.798 UTC [1012] LOG:  background worker "logical replication launcher" (PID 1021) exited with exit code 1
2026-10-10 18:39:22.799 UTC [1016] LOG:  shutting down
2026-10-10 18:39:22.799 UTC [1016] LOG:  checkpoint starting: shutdown immediate
2026-10-10 18:39:22.799 UTC [1016] LOG:  checkpoint complete: wrote 0 buffers (0.0%), wrote 3 SLRU buffers; 0 WAL file(s) added, 0 removed, 0 recycled; write=0.001 s, sync=0.001 s, total=0.001 s; sync files=2, longest=0.001 s, average=0.001 s; distance=0 kB, estimate=0 kB; lsn=0/1BBA5A8, redo lsn=0/1BBA5A8
2026-10-10 18:39:22.806 UTC [1012] LOG:  database system is shut down
{"event":"supervisor_verified_child_drain"}
