{"event":"supervisor_started","receiver_child":447,"postmaster_child":448,"generation_source":"atomic_pidfd_children"}
{"event":"receiver_armed","atomic_postmaster_anchor":true}
2026-10-10 19:12:15.175 UTC [448] LOG:  starting PostgreSQL 18.4 (Debian 18.4-1.pgdg13+1) on x86_64-pc-linux-gnu, compiled by gcc (Debian 14.2.0-19) 14.2.0, 64-bit
2026-10-10 19:12:15.175 UTC [448] LOG:  listening on Unix socket "/tmp/pgsock/.s.PGSQL.5432"
2026-10-10 19:12:15.178 UTC [454] LOG:  database system was shut down at 2026-10-10 19:12:14 UTC
2026-10-10 19:12:15.180 UTC [448] LOG:  database system is ready to accept connections
{"event":"ACCEPT","role_oid":16385,"slot":1,"reason":0,"duplicate":false,"receive_us":35,"validation_us":9766,"reply_us":9842}
2026-10-10 19:12:17.429 UTC [530] LOG:  FLOOOW_TEST_ENROLLMENT_ACCEPT role=16385 database=16384 total_us=12580
{"event":"QUARANTINE","pid":530,"slot":1,"signal_rc":-1,"at_us":237857380175}
{"event":"kernel_death","pid":530,"slot":1,"at_us":237857400609}
{"event":"ACCEPT","role_oid":16386,"slot":2,"reason":0,"duplicate":false,"receive_us":22,"validation_us":6816,"reply_us":6871}
2026-10-10 19:12:17.743 UTC [546] LOG:  FLOOOW_TEST_ENROLLMENT_ACCEPT role=16386 database=16384 total_us=8779
{"event":"QUARANTINE","pid":546,"slot":2,"signal_rc":-1,"at_us":237857693633}
{"event":"kernel_death","pid":546,"slot":2,"at_us":237857713838}
{"event":"ACCEPT","role_oid":16387,"slot":3,"reason":0,"duplicate":false,"receive_us":82,"validation_us":7296,"reply_us":7414}
2026-10-10 19:12:18.044 UTC [561] LOG:  FLOOOW_TEST_ENROLLMENT_ACCEPT role=16387 database=16384 total_us=9235
{"event":"QUARANTINE","pid":561,"slot":3,"signal_rc":-1,"at_us":237857994808}
{"event":"kernel_death","pid":561,"slot":3,"at_us":237858015054}
{"event":"ACCEPT","role_oid":16388,"slot":4,"reason":0,"duplicate":false,"receive_us":10,"validation_us":5764,"reply_us":5800}
2026-10-10 19:12:18.368 UTC [579] LOG:  FLOOOW_TEST_ENROLLMENT_ACCEPT role=16388 database=16384 total_us=7597
{"event":"QUARANTINE","pid":579,"slot":4,"signal_rc":-1,"at_us":237858317325}
{"event":"kernel_death","pid":579,"slot":4,"at_us":237858337528}
{"event":"ACCEPT","role_oid":16385,"slot":1,"reason":0,"duplicate":false,"receive_us":51,"validation_us":6994,"reply_us":7077}
2026-10-10 19:12:19.304 UTC [625] LOG:  FLOOOW_TEST_ENROLLMENT_ACCEPT role=16385 database=16384 total_us=8804
{"event":"QUARANTINE","pid":625,"slot":1,"signal_rc":-1,"at_us":237859254214}
{"event":"kernel_death","pid":625,"slot":1,"at_us":237859274397}
{"event":"ACCEPT","role_oid":16385,"slot":1,"reason":0,"duplicate":false,"receive_us":51,"validation_us":7101,"reply_us":7183}
2026-10-10 19:12:19.587 UTC [640] LOG:  FLOOOW_TEST_ENROLLMENT_ACCEPT role=16385 database=16384 total_us=9460
{"event":"QUARANTINE","pid":640,"slot":1,"signal_rc":-1,"at_us":237859537397}
{"event":"kernel_death","pid":640,"slot":1,"at_us":237859557580}
{"event":"ACCEPT","role_oid":16385,"slot":1,"reason":0,"duplicate":false,"receive_us":11,"validation_us":9506,"reply_us":9562}
2026-10-10 19:12:19.926 UTC [658] LOG:  FLOOOW_TEST_ENROLLMENT_ACCEPT role=16385 database=16384 total_us=12318
{"event":"QUARANTINE","pid":658,"slot":1,"signal_rc":-1,"at_us":237859876266}
{"event":"kernel_death","pid":658,"slot":1,"at_us":237859896429}
{"event":"ACCEPT","role_oid":16385,"slot":1,"reason":0,"duplicate":false,"receive_us":38,"validation_us":6237,"reply_us":6311}
2026-10-10 19:12:20.275 UTC [676] LOG:  FLOOOW_TEST_ENROLLMENT_ACCEPT role=16385 database=16384 total_us=8317
{"event":"QUARANTINE","pid":676,"slot":1,"signal_rc":-1,"at_us":237860225256}
{"event":"kernel_death","pid":676,"slot":1,"at_us":237860245419}
2026-10-10 19:12:23.457 UTC [776] FATAL:  FLOOOW_TEST_ENROLLMENT_DENIED: independent eligibility absent
2026-10-10 19:12:26.823 UTC [867] FATAL:  FLOOOW_TEST_ENROLLMENT_DENIED: independent eligibility absent
2026-10-10 19:12:30.294 UTC [965] FATAL:  FLOOOW_TEST_ENROLLMENT_DENIED: independent eligibility absent
2026-10-10 19:12:34.760 UTC [1058] FATAL:  FLOOOW_TEST_ENROLLMENT_DENIED: independent eligibility absent
2026-10-10 19:12:37.883 UTC [1151] FATAL:  FLOOOW_TEST_ENROLLMENT_DENIED: independent eligibility absent
2026-10-10 19:12:41.221 UTC [1243] FATAL:  FLOOOW_TEST_ENROLLMENT_DENIED: independent eligibility absent
2026-10-10 19:12:45.059 UTC [1336] FATAL:  FLOOOW_TEST_ENROLLMENT_DENIED: independent eligibility absent
2026-10-10 19:12:48.267 UTC [1428] FATAL:  FLOOOW_TEST_ENROLLMENT_DENIED: independent eligibility absent
2026-10-10 19:12:51.961 UTC [1521] FATAL:  FLOOOW_TEST_ENROLLMENT_DENIED: independent eligibility absent
2026-10-10 19:12:55.421 UTC [1616] FATAL:  FLOOOW_TEST_ENROLLMENT_DENIED: independent eligibility absent
2026-10-10 19:12:58.838 UTC [1707] FATAL:  FLOOOW_TEST_ENROLLMENT_DENIED: independent eligibility absent
2026-10-10 19:13:02.592 UTC [1799] FATAL:  FLOOOW_TEST_ENROLLMENT_DENIED: independent eligibility absent
2026-10-10 19:13:06.088 UTC [1891] FATAL:  FLOOOW_TEST_ENROLLMENT_DENIED: independent eligibility absent
2026-10-10 19:13:09.910 UTC [1983] FATAL:  FLOOOW_TEST_ENROLLMENT_DENIED: independent eligibility absent
2026-10-10 19:13:13.860 UTC [2076] FATAL:  FLOOOW_TEST_ENROLLMENT_DENIED: independent eligibility absent
2026-10-10 19:13:17.551 UTC [2170] FATAL:  FLOOOW_TEST_ENROLLMENT_DENIED: independent eligibility absent
2026-10-10 19:13:21.737 UTC [2262] FATAL:  FLOOOW_TEST_ENROLLMENT_DENIED: independent eligibility absent
2026-10-10 19:13:25.295 UTC [2354] FATAL:  FLOOOW_TEST_ENROLLMENT_DENIED: independent eligibility absent
2026-10-10 19:13:29.187 UTC [2446] FATAL:  FLOOOW_TEST_ENROLLMENT_DENIED: independent eligibility absent
2026-10-10 19:13:32.711 UTC [2538] FATAL:  FLOOOW_TEST_ENROLLMENT_DENIED: independent eligibility absent
2026-10-10 19:13:36.177 UTC [2632] FATAL:  FLOOOW_TEST_ENROLLMENT_DENIED: independent eligibility absent
2026-10-10 19:13:39.801 UTC [2730] FATAL:  FLOOOW_TEST_ENROLLMENT_DENIED: independent eligibility absent
2026-10-10 19:13:43.762 UTC [2834] FATAL:  FLOOOW_TEST_ENROLLMENT_DENIED: independent eligibility absent
2026-10-10 19:13:47.536 UTC [2929] FATAL:  FLOOOW_TEST_ENROLLMENT_DENIED: independent eligibility absent
2026-10-10 19:13:51.479 UTC [3025] FATAL:  FLOOOW_TEST_ENROLLMENT_DENIED: independent eligibility absent
2026-10-10 19:13:55.060 UTC [3120] FATAL:  FLOOOW_TEST_ENROLLMENT_DENIED: independent eligibility absent
2026-10-10 19:13:58.646 UTC [3217] FATAL:  FLOOOW_TEST_ENROLLMENT_DENIED: independent eligibility absent
2026-10-10 19:14:02.161 UTC [3313] FATAL:  FLOOOW_TEST_ENROLLMENT_DENIED: independent eligibility absent
2026-10-10 19:14:05.632 UTC [3408] FATAL:  FLOOOW_TEST_ENROLLMENT_DENIED: independent eligibility absent
2026-10-10 19:14:09.714 UTC [3503] FATAL:  FLOOOW_TEST_ENROLLMENT_DENIED: independent eligibility absent
2026-10-10 19:14:14.006 UTC [3612] FATAL:  FLOOOW_TEST_ENROLLMENT_DENIED: independent eligibility absent
2026-10-10 19:14:17.863 UTC [3708] FATAL:  FLOOOW_TEST_ENROLLMENT_DENIED: independent eligibility absent
2026-10-10 19:14:22.078 UTC [3803] FATAL:  FLOOOW_TEST_ENROLLMENT_DENIED: independent eligibility absent
2026-10-10 19:14:25.595 UTC [3898] FATAL:  FLOOOW_TEST_ENROLLMENT_DENIED: independent eligibility absent
2026-10-10 19:14:29.227 UTC [3993] FATAL:  FLOOOW_TEST_ENROLLMENT_DENIED: independent eligibility absent
2026-10-10 19:14:32.795 UTC [4088] FATAL:  FLOOOW_TEST_ENROLLMENT_DENIED: independent eligibility absent
2026-10-10 19:14:36.631 UTC [4191] FATAL:  FLOOOW_TEST_ENROLLMENT_DENIED: independent eligibility absent
2026-10-10 19:14:40.302 UTC [4286] FATAL:  FLOOOW_TEST_ENROLLMENT_DENIED: independent eligibility absent
2026-10-10 19:14:44.909 UTC [4381] FATAL:  FLOOOW_TEST_ENROLLMENT_DENIED: independent eligibility absent
2026-10-10 19:14:48.572 UTC [4477] FATAL:  FLOOOW_TEST_ENROLLMENT_DENIED: independent eligibility absent
2026-10-10 19:14:52.047 UTC [4573] FATAL:  FLOOOW_TEST_ENROLLMENT_DENIED: independent eligibility absent
2026-10-10 19:14:55.533 UTC [4671] FATAL:  FLOOOW_TEST_ENROLLMENT_DENIED: independent eligibility absent
2026-10-10 19:14:59.241 UTC [4767] FATAL:  FLOOOW_TEST_ENROLLMENT_DENIED: independent eligibility absent
2026-10-10 19:15:02.816 UTC [4864] FATAL:  FLOOOW_TEST_ENROLLMENT_DENIED: independent eligibility absent
2026-10-10 19:15:06.415 UTC [4959] FATAL:  FLOOOW_TEST_ENROLLMENT_DENIED: independent eligibility absent
2026-10-10 19:15:09.997 UTC [5055] FATAL:  FLOOOW_TEST_ENROLLMENT_DENIED: independent eligibility absent
2026-10-10 19:15:13.589 UTC [5150] FATAL:  FLOOOW_TEST_ENROLLMENT_DENIED: independent eligibility absent
2026-10-10 19:15:17.073 UTC [5247] FATAL:  FLOOOW_TEST_ENROLLMENT_DENIED: independent eligibility absent
2026-10-10 19:15:21.056 UTC [5349] FATAL:  FLOOOW_TEST_ENROLLMENT_DENIED: independent eligibility absent
2026-10-10 19:15:25.450 UTC [5450] FATAL:  FLOOOW_TEST_ENROLLMENT_DENIED: independent eligibility absent
2026-10-10 19:15:29.024 UTC [5545] FATAL:  FLOOOW_TEST_ENROLLMENT_DENIED: independent eligibility absent
2026-10-10 19:15:32.304 UTC [5639] FATAL:  FLOOOW_TEST_ENROLLMENT_DENIED: header absent or role invalid
2026-10-10 19:15:33.622 UTC [5682] FATAL:  FLOOOW_TEST_ENROLLMENT_DENIED: header absent or role invalid
2026-10-10 19:15:34.625 UTC [5725] FATAL:  FLOOOW_TEST_ENROLLMENT_DENIED: allocated identity mismatch
2026-10-10 19:15:35.504 UTC [5762] FATAL:  FLOOOW_TEST_ENROLLMENT_DENIED: header absent or role invalid
2026-10-10 19:15:36.449 UTC [5805] FATAL:  FLOOOW_TEST_ENROLLMENT_DENIED: header absent or role invalid
{"event":"ACCEPT","role_oid":16385,"slot":1,"reason":0,"duplicate":false,"receive_us":48,"validation_us":8365,"reply_us":8476}
2026-10-10 19:15:37.058 UTC [5834] LOG:  FLOOOW_TEST_ENROLLMENT_ACCEPT role=16385 database=16384 total_us=11146
{"event":"QUARANTINE","pid":5834,"slot":1,"signal_rc":0,"at_us":238057030988}
{"event":"kernel_death","pid":5834,"slot":1,"at_us":238057051214}
{"event":"ACCEPT","role_oid":16385,"slot":1,"reason":0,"duplicate":false,"receive_us":47,"validation_us":7006,"reply_us":7083}
2026-10-10 19:15:37.354 UTC [5852] LOG:  FLOOOW_TEST_ENROLLMENT_ACCEPT role=16385 database=16384 total_us=8919
{"event":"QUARANTINE","pid":5852,"slot":1,"signal_rc":-1,"at_us":238057353389}
{"event":"kernel_death","pid":5852,"slot":1,"at_us":238057373607}
{"event":"ACCEPT","role_oid":16385,"slot":1,"reason":0,"duplicate":false,"receive_us":11,"validation_us":6113,"reply_us":6163}
2026-10-10 19:15:37.667 UTC [5867] LOG:  FLOOOW_TEST_ENROLLMENT_ACCEPT role=16385 database=16384 total_us=8112
{"event":"QUARANTINE","pid":5867,"slot":1,"signal_rc":-1,"at_us":238057640094}
{"event":"kernel_death","pid":5867,"slot":1,"at_us":238057660302}
{"event":"ACCEPT","role_oid":16385,"slot":1,"reason":0,"duplicate":false,"receive_us":12,"validation_us":7282,"reply_us":7326}
2026-10-10 19:15:37.970 UTC [5883] LOG:  FLOOOW_TEST_ENROLLMENT_ACCEPT role=16385 database=16384 total_us=9943
{"event":"kernel_death","pid":5883,"slot":1,"at_us":238058071844}
{"event":"DENY","role_oid":0,"slot":0,"reason":1,"duplicate":false,"receive_us":14,"validation_us":0,"reply_us":48}
2026-10-10 19:15:38.701 UTC [5917] FATAL:  FLOOOW_TEST_ENROLLMENT_DENIED: invalid or denied ACK
{"event":"ACCEPT","role_oid":16385,"slot":1,"reason":0,"duplicate":false,"receive_us":13,"validation_us":7089,"reply_us":7139}
2026-10-10 19:15:39.417 UTC [5945] LOG:  FLOOOW_TEST_ENROLLMENT_ACCEPT role=16385 database=16384 total_us=9019
{"event":"QUARANTINE","pid":5945,"slot":1,"signal_rc":0,"at_us":238059390113}
{"event":"kernel_death","pid":5945,"slot":1,"at_us":238059410368}
2026-10-10 19:15:40.123 UTC [5973] FATAL:  FLOOOW_TEST_ENROLLMENT_DENIED: invalid or denied ACK
{"event":"ACCEPT","role_oid":16385,"slot":1,"reason":0,"duplicate":false,"receive_us":28,"validation_us":6907,"reply_us":6971}
2026-10-10 19:15:40.826 UTC [6005] LOG:  FLOOOW_TEST_ENROLLMENT_ACCEPT role=16385 database=16384 total_us=8828
{"event":"QUARANTINE","pid":6005,"slot":1,"signal_rc":-1,"at_us":238060797732}
{"event":"kernel_death","pid":6005,"slot":1,"at_us":238060817923}
2026-10-10 19:15:46.311 UTC [6033] FATAL:  FLOOOW_TEST_ENROLLMENT_DENIED: no finite ACCEPT
{"event":"DENY","role_oid":16385,"slot":1,"reason":10,"duplicate":false,"receive_us":17,"validation_us":8930,"reply_us":6010679}
{"event":"ACCEPT","role_oid":16385,"slot":1,"reason":0,"duplicate":false,"receive_us":15,"validation_us":11237,"reply_us":11294}
2026-10-10 19:15:47.335 UTC [6187] LOG:  FLOOOW_TEST_ENROLLMENT_ACCEPT role=16385 database=16384 total_us=423368
{"event":"QUARANTINE","pid":6187,"slot":1,"signal_rc":-1,"at_us":238067353862}
{"event":"kernel_death","pid":6187,"slot":1,"at_us":238067374074}
2026-10-10 19:15:53.047 UTC [6230] FATAL:  FLOOOW_TEST_ENROLLMENT_DENIED: no finite ACCEPT
{"event":"DENY","role_oid":16385,"slot":1,"reason":10,"duplicate":false,"receive_us":12,"validation_us":0,"reply_us":5001527}
{"event":"ACCEPT","role_oid":16385,"slot":1,"reason":0,"duplicate":false,"receive_us":45,"validation_us":7320,"reply_us":7397}
2026-10-10 19:15:53.684 UTC [6381] LOG:  FLOOOW_TEST_ENROLLMENT_ACCEPT role=16385 database=16384 total_us=10012
{"event":"QUARANTINE","pid":6381,"slot":1,"signal_rc":-1,"at_us":238073657494}
{"event":"kernel_death","pid":6381,"slot":1,"at_us":238073677726}
{"event":"ACCEPT","role_oid":16385,"slot":1,"reason":0,"duplicate":false,"receive_us":14,"validation_us":71642,"reply_us":71691}
2026-10-10 19:15:54.489 UTC [6429] LOG:  FLOOOW_TEST_ENROLLMENT_ACCEPT role=16385 database=16384 total_us=73448
2026-10-10 19:15:55.059 UTC [6231] LOG:  could not send data to client: Broken pipe
2026-10-10 19:15:55.060 UTC [6231] FATAL:  connection to client lost
{"event":"QUARANTINE","pid":6429,"slot":1,"signal_rc":0,"at_us":238076438388}
{"event":"kernel_death","pid":6429,"slot":1,"at_us":238076458650}
{"event":"ACCEPT","role_oid":16385,"slot":1,"reason":0,"duplicate":false,"receive_us":10,"validation_us":8445,"reply_us":8511}
2026-10-10 19:15:59.903 UTC [6668] LOG:  FLOOOW_TEST_ENROLLMENT_ACCEPT role=16385 database=16384 total_us=10598
{"event":"QUARANTINE","pid":6668,"slot":1,"signal_rc":0,"at_us":238085309483}
{"event":"kernel_death","pid":6668,"slot":1,"at_us":238085329747}
{"event":"ACCEPT","role_oid":16385,"slot":1,"reason":0,"duplicate":false,"receive_us":14,"validation_us":11395,"reply_us":11452}
2026-10-10 19:16:07.803 UTC [6965] LOG:  FLOOOW_TEST_ENROLLMENT_ACCEPT role=16385 database=16384 total_us=13368
{"event":"QUARANTINE","pid":6965,"slot":1,"signal_rc":-1,"at_us":238089946626}
{"event":"DRAINING","pid":6965,"signal_rc":0,"at_us":238090148998}
2026-10-10 19:16:10.183 UTC [6965] FATAL:  terminating connection due to administrator command
2026-10-10 19:16:10.183 UTC [6965] STATEMENT:  SELECT pg_sleep(20);
{"event":"kernel_death","pid":6965,"slot":1,"at_us":238090169219}
{"event":"ACCEPT","role_oid":16385,"slot":1,"reason":0,"duplicate":false,"receive_us":14,"validation_us":7876,"reply_us":7919}
2026-10-10 19:16:13.345 UTC [7199] LOG:  FLOOOW_TEST_ENROLLMENT_ACCEPT role=16385 database=16384 total_us=10033
{"event":"QUARANTINE","pid":7199,"slot":1,"signal_rc":-1,"at_us":238093319062}
{"event":"kernel_death","pid":7199,"slot":1,"at_us":238093348254}
{"event":"ACCEPT","role_oid":16385,"slot":1,"reason":0,"duplicate":false,"receive_us":48,"validation_us":5744,"reply_us":5847}
2026-10-10 19:16:13.937 UTC [7228] LOG:  FLOOOW_TEST_ENROLLMENT_ACCEPT role=16385 database=16384 total_us=7773
{"event":"QUARANTINE","pid":7228,"slot":1,"signal_rc":-1,"at_us":238093910823}
{"event":"kernel_death","pid":7228,"slot":1,"at_us":238093931041}
{"event":"ACCEPT","role_oid":16385,"slot":1,"reason":0,"duplicate":false,"receive_us":69,"validation_us":7759,"reply_us":7863}
2026-10-10 19:16:14.529 UTC [7262] LOG:  FLOOOW_TEST_ENROLLMENT_ACCEPT role=16385 database=16384 total_us=13051
{"event":"ACCEPT","role_oid":16385,"slot":1,"reason":0,"duplicate":false,"receive_us":13,"validation_us":7065,"reply_us":7136}
2026-10-10 19:16:17.302 UTC [7444] LOG:  FLOOOW_TEST_ENROLLMENT_ACCEPT role=16385 database=16384 total_us=8928
{"event":"kernel_death","pid":7444,"slot":1,"at_us":238097275783}
{"event":"ACCEPT","role_oid":16385,"slot":1,"reason":0,"duplicate":false,"receive_us":12,"validation_us":71033,"reply_us":71093}
2026-10-10 19:16:18.683 UTC [7514] LOG:  FLOOOW_TEST_ENROLLMENT_ACCEPT role=16385 database=16384 total_us=78028
{"event":"kernel_death","pid":7514,"slot":1,"at_us":238098657407}
{"event":"ACCEPT","role_oid":16385,"slot":1,"reason":0,"duplicate":false,"receive_us":8,"validation_us":9236,"reply_us":9296}
2026-10-10 19:16:20.203 UTC [7585] LOG:  FLOOOW_TEST_ENROLLMENT_ACCEPT role=16385 database=16384 total_us=11666
{"event":"kernel_death","pid":7585,"slot":1,"at_us":238100252255}
{"event":"ACCEPT","role_oid":16385,"slot":1,"reason":0,"duplicate":false,"receive_us":53,"validation_us":6750,"reply_us":6839}
2026-10-10 19:16:21.595 UTC [7652] LOG:  FLOOOW_TEST_ENROLLMENT_ACCEPT role=16385 database=16384 total_us=9146
{"event":"kernel_death","pid":7652,"slot":1,"at_us":238101567317}
{"event":"ACCEPT","role_oid":16385,"slot":1,"reason":0,"duplicate":false,"receive_us":13,"validation_us":9211,"reply_us":9269}
2026-10-10 19:16:24.403 UTC [7925] LOG:  FLOOOW_TEST_ENROLLMENT_ACCEPT role=16385 database=16384 total_us=15441
{"event":"kernel_death","pid":7925,"slot":1,"at_us":238104454376}
{"event":"kernel_death","pid":7262,"slot":1,"at_us":238104569096}
{"event":"ACCEPT","role_oid":16385,"slot":1,"reason":0,"duplicate":false,"receive_us":59,"validation_us":8077,"reply_us":8360}
2026-10-10 19:16:25.600 UTC [8083] LOG:  FLOOOW_TEST_ENROLLMENT_ACCEPT role=16385 database=16384 total_us=11003
{"event":"QUARANTINE","pid":8083,"slot":1,"signal_rc":-1,"at_us":238105651572}
{"event":"kernel_death","pid":8083,"slot":1,"at_us":238105671779}
{"event":"ACCEPT","role_oid":16385,"slot":1,"reason":0,"duplicate":false,"receive_us":63,"validation_us":8392,"reply_us":8494}
2026-10-10 19:16:27.316 UTC [8345] LOG:  FLOOOW_TEST_ENROLLMENT_ACCEPT role=16385 database=16384 total_us=11592
{"event":"QUARANTINE","pid":8345,"slot":1,"signal_rc":-1,"at_us":238107291230}
{"event":"kernel_death","pid":8345,"slot":1,"at_us":238107348096}
{"event":"ACCEPT","role_oid":16385,"slot":1,"reason":0,"duplicate":false,"receive_us":18,"validation_us":7023,"reply_us":7072}
2026-10-10 19:16:28.730 UTC [8526] LOG:  FLOOOW_TEST_ENROLLMENT_ACCEPT role=16385 database=16384 total_us=9505
{"event":"QUARANTINE","pid":8526,"slot":1,"signal_rc":-1,"at_us":238108753580}
{"event":"kernel_death","pid":8526,"slot":1,"at_us":238108773781}
2026-10-10 19:16:32.191 UTC [8711] FATAL:  FLOOOW_TEST_ENROLLMENT_DENIED: independent eligibility absent
2026-10-10 19:16:35.386 UTC [8804] FATAL:  FLOOOW_TEST_ENROLLMENT_DENIED: independent eligibility absent
2026-10-10 19:16:38.623 UTC [8896] FATAL:  FLOOOW_TEST_ENROLLMENT_DENIED: independent eligibility absent
2026-10-10 19:16:41.689 UTC [8989] FATAL:  FLOOOW_TEST_ENROLLMENT_DENIED: independent eligibility absent
2026-10-10 19:16:44.921 UTC [9083] FATAL:  FLOOOW_TEST_ENROLLMENT_DENIED: independent eligibility absent
{"event":"supervisor_generation_loss","receiver_dead":false,"postmaster_dead":false}
2026-10-10 19:16:46.833 UTC [448] LOG:  received fast shutdown request
2026-10-10 19:16:46.833 UTC [448] LOG:  aborting any active transactions
2026-10-10 19:16:46.836 UTC [448] LOG:  background worker "logical replication launcher" (PID 457) exited with exit code 1
2026-10-10 19:16:46.836 UTC [452] LOG:  shutting down
2026-10-10 19:16:46.836 UTC [452] LOG:  checkpoint starting: shutdown immediate
2026-10-10 19:16:46.838 UTC [452] LOG:  checkpoint complete: wrote 131 buffers (0.8%), wrote 3 SLRU buffers; 0 WAL file(s) added, 0 removed, 0 recycled; write=0.002 s, sync=0.001 s, total=0.003 s; sync files=72, longest=0.001 s, average=0.000 s; distance=676 kB, estimate=676 kB; lsn=0/1C6BD28, redo lsn=0/1C6BD28
2026-10-10 19:16:46.880 UTC [448] LOG:  database system is shut down
{"event":"supervisor_verified_child_drain"}
{"event":"supervisor_started","receiver_child":9195,"postmaster_child":9196,"generation_source":"atomic_pidfd_children"}
{"event":"receiver_armed","atomic_postmaster_anchor":true}
2026-10-10 19:16:47.931 UTC [9196] LOG:  starting PostgreSQL 18.4 (Debian 18.4-1.pgdg13+1) on x86_64-pc-linux-gnu, compiled by gcc (Debian 14.2.0-19) 14.2.0, 64-bit
2026-10-10 19:16:47.931 UTC [9196] LOG:  listening on Unix socket "/tmp/pgsock/.s.PGSQL.5432"
2026-10-10 19:16:47.935 UTC [9204] LOG:  database system was shut down at 2026-10-10 19:16:46 UTC
2026-10-10 19:16:47.946 UTC [9196] LOG:  database system is ready to accept connections
{"event":"ACCEPT","role_oid":16385,"slot":1,"reason":0,"duplicate":false,"receive_us":16,"validation_us":11450,"reply_us":11516}
2026-10-10 19:16:51.329 UTC [9306] LOG:  FLOOOW_TEST_ENROLLMENT_ACCEPT role=16385 database=16384 total_us=15207
{"event":"QUARANTINE","pid":9306,"slot":1,"signal_rc":-1,"at_us":238131309025}
{"event":"kernel_death","pid":9306,"slot":1,"at_us":238131329238}
{"event":"supervisor_started","receiver_child":9804,"postmaster_child":9805,"generation_source":"atomic_pidfd_children"}
{"event":"receiver_armed","atomic_postmaster_anchor":true}
2026-10-10 19:17:03.293 UTC [9805] FATAL:  lock file "postmaster.pid" already exists
2026-10-10 19:17:03.293 UTC [9805] HINT:  Is another postmaster (PID 9196) running in data directory "/tmp/pgdata"?
{"event":"control_generation_invalidated"}
{"event":"supervisor_generation_loss","receiver_dead":false,"postmaster_dead":true}
{"event":"supervisor_verified_child_drain"}
2026-10-10 19:17:06.600 UTC [9910] FATAL:  FLOOOW_TEST_ENROLLMENT_DENIED: receiver absent
