{"event":"supervisor_started","receiver_child":447,"postmaster_child":448,"generation_source":"atomic_pidfd_children"}
{"event":"receiver_armed","epoch":"2e6c01fd21e71f99a665bcb7ea2926d33e4ab463f784b2747ded139b0ffd7317","supervisor_inode":4283625,"postmaster_inode":4283627,"at_us":238657803315}
2026-10-10 19:25:38.553 UTC [448] LOG:  starting PostgreSQL 18.4 (Debian 18.4-1.pgdg13+1) on x86_64-pc-linux-gnu, compiled by gcc (Debian 14.2.0-19) 14.2.0, 64-bit
2026-10-10 19:25:38.553 UTC [448] LOG:  listening on Unix socket "/tmp/pgsock/.s.PGSQL.5432"
2026-10-10 19:25:38.556 UTC [454] LOG:  database system was shut down at 2026-10-10 19:25:37 UTC
2026-10-10 19:25:38.559 UTC [448] LOG:  database system is ready to accept connections
{"event":"ACCEPT","role_oid":16385,"slot":1,"reason":0,"duplicate":false,"receive_us":34,"validation_us":8502,"reply_us":8572}
2026-10-10 19:25:40.846 UTC [530] LOG:  FLOOOW_TEST_TIMEOUT_RESTORATION preserved=YES custom_active=NO
2026-10-10 19:25:40.846 UTC [530] LOG:  FLOOOW_TEST_ENROLLMENT_ACCEPT role=16385 database=16384 total_us=11409
{"event":"QUARANTINE","pid":530,"slot":1,"signal_rc":-1,"at_us":238660122903}
{"event":"kernel_death","pid":530,"slot":1,"at_us":238660143108}
{"event":"DRAINED","pid":530,"catalog_disappeared":true,"effects":"RECONCILIATION_REQUIRED","at_us":238660148733}
{"event":"ACCEPT","role_oid":16386,"slot":2,"reason":0,"duplicate":false,"receive_us":45,"validation_us":5761,"reply_us":5858}
2026-10-10 19:25:41.188 UTC [547] LOG:  FLOOOW_TEST_TIMEOUT_RESTORATION preserved=YES custom_active=NO
2026-10-10 19:25:41.188 UTC [547] LOG:  FLOOOW_TEST_ENROLLMENT_ACCEPT role=16386 database=16384 total_us=8095
{"event":"QUARANTINE","pid":547,"slot":2,"signal_rc":-1,"at_us":238660464183}
{"event":"kernel_death","pid":547,"slot":2,"at_us":238660484396}
{"event":"DRAINED","pid":547,"catalog_disappeared":true,"effects":"RECONCILIATION_REQUIRED","at_us":238660489510}
{"event":"ACCEPT","role_oid":16387,"slot":3,"reason":0,"duplicate":false,"receive_us":100,"validation_us":7960,"reply_us":8107}
2026-10-10 19:25:41.522 UTC [563] LOG:  FLOOOW_TEST_TIMEOUT_RESTORATION preserved=YES custom_active=NO
2026-10-10 19:25:41.522 UTC [563] LOG:  FLOOOW_TEST_ENROLLMENT_ACCEPT role=16387 database=16384 total_us=10087
{"event":"QUARANTINE","pid":563,"slot":3,"signal_rc":-1,"at_us":238660798888}
{"event":"kernel_death","pid":563,"slot":3,"at_us":238660819173}
{"event":"DRAINED","pid":563,"catalog_disappeared":true,"effects":"RECONCILIATION_REQUIRED","at_us":238660825460}
{"event":"ACCEPT","role_oid":16388,"slot":4,"reason":0,"duplicate":false,"receive_us":14,"validation_us":6444,"reply_us":6484}
2026-10-10 19:25:41.849 UTC [582] LOG:  FLOOOW_TEST_TIMEOUT_RESTORATION preserved=YES custom_active=NO
2026-10-10 19:25:41.849 UTC [582] LOG:  FLOOOW_TEST_ENROLLMENT_ACCEPT role=16388 database=16384 total_us=8597
{"event":"QUARANTINE","pid":582,"slot":4,"signal_rc":-1,"at_us":238661125771}
{"event":"kernel_death","pid":582,"slot":4,"at_us":238661146036}
{"event":"DRAINED","pid":582,"catalog_disappeared":true,"effects":"RECONCILIATION_REQUIRED","at_us":238661151972}
{"event":"ACCEPT","role_oid":16385,"slot":1,"reason":0,"duplicate":false,"receive_us":26,"validation_us":6908,"reply_us":6999}
2026-10-10 19:25:42.767 UTC [628] LOG:  FLOOOW_TEST_TIMEOUT_RESTORATION preserved=YES custom_active=NO
2026-10-10 19:25:42.767 UTC [628] LOG:  FLOOOW_TEST_ENROLLMENT_ACCEPT role=16385 database=16384 total_us=9066
{"event":"QUARANTINE","pid":628,"slot":1,"signal_rc":-1,"at_us":238662080362}
{"event":"kernel_death","pid":628,"slot":1,"at_us":238662100597}
{"event":"DRAINED","pid":628,"catalog_disappeared":true,"effects":"RECONCILIATION_REQUIRED","at_us":238662106828}
{"event":"ACCEPT","role_oid":16385,"slot":1,"reason":0,"duplicate":false,"receive_us":47,"validation_us":7456,"reply_us":7559}
2026-10-10 19:25:43.188 UTC [644] LOG:  FLOOOW_TEST_TIMEOUT_RESTORATION preserved=YES custom_active=NO
2026-10-10 19:25:43.188 UTC [644] LOG:  FLOOOW_TEST_ENROLLMENT_ACCEPT role=16385 database=16384 total_us=9763
{"event":"QUARANTINE","pid":644,"slot":1,"signal_rc":-1,"at_us":238662476873}
{"event":"kernel_death","pid":644,"slot":1,"at_us":238662497119}
{"event":"DRAINED","pid":644,"catalog_disappeared":true,"effects":"RECONCILIATION_REQUIRED","at_us":238662503305}
{"event":"ACCEPT","role_oid":16385,"slot":1,"reason":0,"duplicate":false,"receive_us":17,"validation_us":5524,"reply_us":5571}
2026-10-10 19:25:43.589 UTC [663] LOG:  FLOOOW_TEST_TIMEOUT_RESTORATION preserved=YES custom_active=NO
2026-10-10 19:25:43.589 UTC [663] LOG:  FLOOOW_TEST_ENROLLMENT_ACCEPT role=16385 database=16384 total_us=7857
{"event":"QUARANTINE","pid":663,"slot":1,"signal_rc":-1,"at_us":238662865317}
{"event":"kernel_death","pid":663,"slot":1,"at_us":238662885558}
{"event":"DRAINED","pid":663,"catalog_disappeared":true,"effects":"RECONCILIATION_REQUIRED","at_us":238662890893}
{"event":"ACCEPT","role_oid":16385,"slot":1,"reason":0,"duplicate":false,"receive_us":89,"validation_us":6478,"reply_us":6602}
2026-10-10 19:25:43.926 UTC [682] LOG:  FLOOOW_TEST_TIMEOUT_RESTORATION preserved=YES custom_active=NO
2026-10-10 19:25:43.926 UTC [682] LOG:  FLOOOW_TEST_ENROLLMENT_ACCEPT role=16385 database=16384 total_us=8425
{"event":"QUARANTINE","pid":682,"slot":1,"signal_rc":-1,"at_us":238663204945}
{"event":"kernel_death","pid":682,"slot":1,"at_us":238663225171}
{"event":"DRAINED","pid":682,"catalog_disappeared":true,"effects":"RECONCILIATION_REQUIRED","at_us":238663231812}
2026-10-10 19:25:47.599 UTC [782] FATAL:  FLOOOW_TEST_ENROLLMENT_DENIED: independent eligibility absent
2026-10-10 19:25:51.055 UTC [874] FATAL:  FLOOOW_TEST_ENROLLMENT_DENIED: independent eligibility absent
2026-10-10 19:25:54.352 UTC [966] FATAL:  FLOOOW_TEST_ENROLLMENT_DENIED: independent eligibility absent
2026-10-10 19:25:57.445 UTC [1058] FATAL:  FLOOOW_TEST_ENROLLMENT_DENIED: independent eligibility absent
2026-10-10 19:26:00.615 UTC [1150] FATAL:  FLOOOW_TEST_ENROLLMENT_DENIED: independent eligibility absent
2026-10-10 19:26:04.848 UTC [1242] FATAL:  FLOOOW_TEST_ENROLLMENT_DENIED: independent eligibility absent
2026-10-10 19:26:08.249 UTC [1334] FATAL:  FLOOOW_TEST_ENROLLMENT_DENIED: independent eligibility absent
2026-10-10 19:26:11.727 UTC [1427] FATAL:  FLOOOW_TEST_ENROLLMENT_DENIED: independent eligibility absent
2026-10-10 19:26:14.894 UTC [1519] FATAL:  FLOOOW_TEST_ENROLLMENT_DENIED: independent eligibility absent
2026-10-10 19:26:17.989 UTC [1611] FATAL:  FLOOOW_TEST_ENROLLMENT_DENIED: independent eligibility absent
2026-10-10 19:26:21.254 UTC [1704] FATAL:  FLOOOW_TEST_ENROLLMENT_DENIED: independent eligibility absent
2026-10-10 19:26:24.398 UTC [1796] FATAL:  FLOOOW_TEST_ENROLLMENT_DENIED: independent eligibility absent
2026-10-10 19:26:27.537 UTC [1889] FATAL:  FLOOOW_TEST_ENROLLMENT_DENIED: independent eligibility absent
2026-10-10 19:26:30.766 UTC [1981] FATAL:  FLOOOW_TEST_ENROLLMENT_DENIED: independent eligibility absent
2026-10-10 19:26:33.959 UTC [2073] FATAL:  FLOOOW_TEST_ENROLLMENT_DENIED: independent eligibility absent
2026-10-10 19:26:37.140 UTC [2165] FATAL:  FLOOOW_TEST_ENROLLMENT_DENIED: independent eligibility absent
2026-10-10 19:26:40.520 UTC [2258] FATAL:  FLOOOW_TEST_ENROLLMENT_DENIED: independent eligibility absent
2026-10-10 19:26:44.129 UTC [2350] FATAL:  FLOOOW_TEST_ENROLLMENT_DENIED: independent eligibility absent
2026-10-10 19:26:47.233 UTC [2442] FATAL:  FLOOOW_TEST_ENROLLMENT_DENIED: independent eligibility absent
2026-10-10 19:26:50.498 UTC [2533] FATAL:  FLOOOW_TEST_ENROLLMENT_DENIED: independent eligibility absent
2026-10-10 19:26:53.630 UTC [2625] FATAL:  FLOOOW_TEST_ENROLLMENT_DENIED: independent eligibility absent
2026-10-10 19:26:57.018 UTC [2724] FATAL:  FLOOOW_TEST_ENROLLMENT_DENIED: independent eligibility absent
2026-10-10 19:27:00.866 UTC [2829] FATAL:  FLOOOW_TEST_ENROLLMENT_DENIED: independent eligibility absent
2026-10-10 19:27:04.419 UTC [2925] FATAL:  FLOOOW_TEST_ENROLLMENT_DENIED: independent eligibility absent
2026-10-10 19:27:08.360 UTC [3021] FATAL:  FLOOOW_TEST_ENROLLMENT_DENIED: independent eligibility absent
2026-10-10 19:27:11.833 UTC [3118] FATAL:  FLOOOW_TEST_ENROLLMENT_DENIED: independent eligibility absent
2026-10-10 19:27:15.411 UTC [3213] FATAL:  FLOOOW_TEST_ENROLLMENT_DENIED: independent eligibility absent
2026-10-10 19:27:18.965 UTC [3309] FATAL:  FLOOOW_TEST_ENROLLMENT_DENIED: independent eligibility absent
2026-10-10 19:27:22.569 UTC [3404] FATAL:  FLOOOW_TEST_ENROLLMENT_DENIED: independent eligibility absent
2026-10-10 19:27:25.986 UTC [3499] FATAL:  FLOOOW_TEST_ENROLLMENT_DENIED: independent eligibility absent
2026-10-10 19:27:30.314 UTC [3608] FATAL:  FLOOOW_TEST_ENROLLMENT_DENIED: independent eligibility absent
2026-10-10 19:27:33.809 UTC [3703] FATAL:  FLOOOW_TEST_ENROLLMENT_DENIED: independent eligibility absent
2026-10-10 19:27:37.516 UTC [3798] FATAL:  FLOOOW_TEST_ENROLLMENT_DENIED: independent eligibility absent
2026-10-10 19:27:41.242 UTC [3894] FATAL:  FLOOOW_TEST_ENROLLMENT_DENIED: independent eligibility absent
2026-10-10 19:27:45.394 UTC [3991] FATAL:  FLOOOW_TEST_ENROLLMENT_DENIED: independent eligibility absent
2026-10-10 19:27:49.125 UTC [4088] FATAL:  FLOOOW_TEST_ENROLLMENT_DENIED: independent eligibility absent
2026-10-10 19:27:52.800 UTC [4190] FATAL:  FLOOOW_TEST_ENROLLMENT_DENIED: independent eligibility absent
2026-10-10 19:27:56.333 UTC [4285] FATAL:  FLOOOW_TEST_ENROLLMENT_DENIED: independent eligibility absent
2026-10-10 19:27:59.889 UTC [4381] FATAL:  FLOOOW_TEST_ENROLLMENT_DENIED: independent eligibility absent
2026-10-10 19:28:03.407 UTC [4478] FATAL:  FLOOOW_TEST_ENROLLMENT_DENIED: independent eligibility absent
2026-10-10 19:28:06.844 UTC [4573] FATAL:  FLOOOW_TEST_ENROLLMENT_DENIED: independent eligibility absent
2026-10-10 19:28:11.036 UTC [4669] FATAL:  FLOOOW_TEST_ENROLLMENT_DENIED: independent eligibility absent
2026-10-10 19:28:14.753 UTC [4764] FATAL:  FLOOOW_TEST_ENROLLMENT_DENIED: independent eligibility absent
2026-10-10 19:28:18.333 UTC [4860] FATAL:  FLOOOW_TEST_ENROLLMENT_DENIED: independent eligibility absent
2026-10-10 19:28:21.931 UTC [4956] FATAL:  FLOOOW_TEST_ENROLLMENT_DENIED: independent eligibility absent
2026-10-10 19:28:25.412 UTC [5051] FATAL:  FLOOOW_TEST_ENROLLMENT_DENIED: independent eligibility absent
2026-10-10 19:28:28.989 UTC [5147] FATAL:  FLOOOW_TEST_ENROLLMENT_DENIED: independent eligibility absent
2026-10-10 19:28:32.468 UTC [5242] FATAL:  FLOOOW_TEST_ENROLLMENT_DENIED: independent eligibility absent
2026-10-10 19:28:36.372 UTC [5344] FATAL:  FLOOOW_TEST_ENROLLMENT_DENIED: independent eligibility absent
2026-10-10 19:28:40.323 UTC [5448] FATAL:  FLOOOW_TEST_ENROLLMENT_DENIED: independent eligibility absent
2026-10-10 19:28:43.885 UTC [5544] FATAL:  FLOOOW_TEST_ENROLLMENT_DENIED: independent eligibility absent
2026-10-10 19:28:47.015 UTC [5638] FATAL:  FLOOOW_TEST_ENROLLMENT_DENIED: header absent or role invalid
2026-10-10 19:28:47.967 UTC [5681] FATAL:  FLOOOW_TEST_ENROLLMENT_DENIED: header absent or role invalid
2026-10-10 19:28:49.111 UTC [5724] FATAL:  FLOOOW_TEST_ENROLLMENT_DENIED: allocated identity mismatch
2026-10-10 19:28:50.897 UTC [5766] FATAL:  FLOOOW_TEST_ENROLLMENT_DENIED: header absent or role invalid
2026-10-10 19:28:52.036 UTC [5809] FATAL:  FLOOOW_TEST_ENROLLMENT_DENIED: header absent or role invalid
{"event":"ACCEPT","role_oid":16385,"slot":1,"reason":0,"duplicate":false,"receive_us":13,"validation_us":7691,"reply_us":7744}
2026-10-10 19:28:52.839 UTC [5841] LOG:  FLOOOW_TEST_TIMEOUT_RESTORATION preserved=YES custom_active=NO
2026-10-10 19:28:52.839 UTC [5841] LOG:  FLOOOW_TEST_ENROLLMENT_ACCEPT role=16385 database=16384 total_us=9778
{"event":"QUARANTINE","pid":5841,"slot":1,"signal_rc":-1,"at_us":238852136065}
{"event":"kernel_death","pid":5841,"slot":1,"at_us":238852156299}
{"event":"DRAINED","pid":5841,"catalog_disappeared":true,"effects":"RECONCILIATION_REQUIRED","at_us":238852162113}
{"event":"ACCEPT","role_oid":16385,"slot":1,"reason":0,"duplicate":false,"receive_us":19,"validation_us":7078,"reply_us":7138}
2026-10-10 19:28:53.144 UTC [5857] LOG:  FLOOOW_TEST_TIMEOUT_RESTORATION preserved=YES custom_active=NO
2026-10-10 19:28:53.144 UTC [5857] LOG:  FLOOOW_TEST_ENROLLMENT_ACCEPT role=16385 database=16384 total_us=9041
{"event":"QUARANTINE","pid":5857,"slot":1,"signal_rc":-1,"at_us":238852432976}
{"event":"kernel_death","pid":5857,"slot":1,"at_us":238852453208}
{"event":"DRAINED","pid":5857,"catalog_disappeared":true,"effects":"RECONCILIATION_REQUIRED","at_us":238852458671}
{"event":"ACCEPT","role_oid":16385,"slot":1,"reason":0,"duplicate":false,"receive_us":14,"validation_us":6956,"reply_us":7012}
2026-10-10 19:28:53.438 UTC [5874] LOG:  FLOOOW_TEST_TIMEOUT_RESTORATION preserved=YES custom_active=NO
2026-10-10 19:28:53.438 UTC [5874] LOG:  FLOOOW_TEST_ENROLLMENT_ACCEPT role=16385 database=16384 total_us=9286
{"event":"QUARANTINE","pid":5874,"slot":1,"signal_rc":-1,"at_us":238852730759}
{"event":"kernel_death","pid":5874,"slot":1,"at_us":238852751011}
{"event":"DRAINED","pid":5874,"catalog_disappeared":true,"effects":"RECONCILIATION_REQUIRED","at_us":238852756800}
{"event":"ACCEPT","role_oid":16385,"slot":1,"reason":0,"duplicate":false,"receive_us":40,"validation_us":7830,"reply_us":7909}
2026-10-10 19:28:53.758 UTC [5890] LOG:  FLOOOW_TEST_TIMEOUT_RESTORATION preserved=YES custom_active=NO
2026-10-10 19:28:53.758 UTC [5890] LOG:  FLOOOW_TEST_ENROLLMENT_ACCEPT role=16385 database=16384 total_us=9949
{"event":"QUARANTINE","pid":5890,"slot":1,"signal_rc":0,"at_us":238853161163}
{"event":"kernel_death","pid":5890,"slot":1,"at_us":238853181382}
{"event":"DRAINED","pid":5890,"catalog_disappeared":true,"effects":"RECONCILIATION_REQUIRED","at_us":238853187082}
{"event":"DENY","role_oid":0,"slot":0,"reason":1,"duplicate":false,"receive_us":17,"validation_us":0,"reply_us":35}
2026-10-10 19:28:54.442 UTC [5934] FATAL:  FLOOOW_TEST_ENROLLMENT_DENIED: invalid or denied ACK
{"event":"ACCEPT","role_oid":16385,"slot":1,"reason":0,"duplicate":false,"receive_us":21,"validation_us":7899,"reply_us":7956}
2026-10-10 19:28:55.036 UTC [5954] LOG:  FLOOOW_TEST_TIMEOUT_RESTORATION preserved=YES custom_active=NO
2026-10-10 19:28:55.036 UTC [5954] LOG:  FLOOOW_TEST_ENROLLMENT_ACCEPT role=16385 database=16384 total_us=10648
{"event":"QUARANTINE","pid":5954,"slot":1,"signal_rc":-1,"at_us":238854330304}
{"event":"kernel_death","pid":5954,"slot":1,"at_us":238854350525}
{"event":"DRAINED","pid":5954,"catalog_disappeared":true,"effects":"RECONCILIATION_REQUIRED","at_us":238854356520}
2026-10-10 19:28:55.625 UTC [5986] FATAL:  FLOOOW_TEST_ENROLLMENT_DENIED: invalid or denied ACK
{"event":"ACCEPT","role_oid":16385,"slot":1,"reason":0,"duplicate":false,"receive_us":43,"validation_us":6527,"reply_us":6596}
2026-10-10 19:28:56.200 UTC [6015] LOG:  FLOOOW_TEST_TIMEOUT_RESTORATION preserved=YES custom_active=NO
2026-10-10 19:28:56.200 UTC [6015] LOG:  FLOOOW_TEST_ENROLLMENT_ACCEPT role=16385 database=16384 total_us=8402
{"event":"QUARANTINE","pid":6015,"slot":1,"signal_rc":-1,"at_us":238855496795}
{"event":"kernel_death","pid":6015,"slot":1,"at_us":238855517017}
{"event":"DRAINED","pid":6015,"catalog_disappeared":true,"effects":"RECONCILIATION_REQUIRED","at_us":238855523031}
2026-10-10 19:29:01.748 UTC [6044] FATAL:  FLOOOW_TEST_ENROLLMENT_DENIED: no finite ACCEPT
{"event":"DENY","role_oid":16385,"slot":1,"reason":10,"duplicate":false,"receive_us":11,"validation_us":6412,"reply_us":6006539}
{"event":"ACCEPT","role_oid":16385,"slot":1,"reason":0,"duplicate":false,"receive_us":18,"validation_us":10570,"reply_us":10632}
2026-10-10 19:29:02.764 UTC [6200] LOG:  FLOOOW_TEST_TIMEOUT_RESTORATION preserved=YES custom_active=NO
2026-10-10 19:29:02.764 UTC [6200] LOG:  FLOOOW_TEST_ENROLLMENT_ACCEPT role=16385 database=16384 total_us=297948
{"event":"QUARANTINE","pid":6200,"slot":1,"signal_rc":-1,"at_us":238862060732}
{"event":"kernel_death","pid":6200,"slot":1,"at_us":238862080959}
{"event":"DRAINED","pid":6200,"catalog_disappeared":true,"effects":"RECONCILIATION_REQUIRED","at_us":238862086720}
2026-10-10 19:29:08.494 UTC [6231] FATAL:  FLOOOW_TEST_ENROLLMENT_DENIED: no finite ACCEPT
{"event":"DENY","role_oid":16385,"slot":1,"reason":10,"duplicate":false,"receive_us":16,"validation_us":0,"reply_us":5002544}
{"event":"ACCEPT","role_oid":16385,"slot":1,"reason":0,"duplicate":false,"receive_us":79,"validation_us":8240,"reply_us":8353}
2026-10-10 19:29:09.162 UTC [6384] LOG:  FLOOOW_TEST_TIMEOUT_RESTORATION preserved=YES custom_active=NO
2026-10-10 19:29:09.162 UTC [6384] LOG:  FLOOOW_TEST_ENROLLMENT_ACCEPT role=16385 database=16384 total_us=10884
{"event":"QUARANTINE","pid":6384,"slot":1,"signal_rc":-1,"at_us":238868454952}
{"event":"kernel_death","pid":6384,"slot":1,"at_us":238868475141}
{"event":"DRAINED","pid":6384,"catalog_disappeared":true,"effects":"RECONCILIATION_REQUIRED","at_us":238868479792}
2026-10-10 19:29:10.509 UTC [6238] LOG:  could not send data to client: Broken pipe
2026-10-10 19:29:10.509 UTC [6238] FATAL:  connection to client lost
{"event":"ACCEPT","role_oid":16385,"slot":1,"reason":0,"duplicate":false,"receive_us":79,"validation_us":81678,"reply_us":81791}
2026-10-10 19:29:10.696 UTC [6429] LOG:  FLOOOW_TEST_TIMEOUT_RESTORATION preserved=YES custom_active=NO
2026-10-10 19:29:10.696 UTC [6429] LOG:  FLOOOW_TEST_ENROLLMENT_ACCEPT role=16385 database=16384 total_us=84521
{"event":"QUARANTINE","pid":6429,"slot":1,"signal_rc":0,"at_us":238873067233}
{"event":"kernel_death","pid":6429,"slot":1,"at_us":238873087493}
{"event":"DRAINED","pid":6429,"catalog_disappeared":true,"effects":"RECONCILIATION_REQUIRED","at_us":238873094129}
{"event":"ACCEPT","role_oid":16385,"slot":1,"reason":0,"duplicate":false,"receive_us":47,"validation_us":8246,"reply_us":8323}
2026-10-10 19:29:16.904 UTC [6698] LOG:  FLOOOW_TEST_TIMEOUT_RESTORATION preserved=YES custom_active=NO
2026-10-10 19:29:16.904 UTC [6698] LOG:  FLOOOW_TEST_ENROLLMENT_ACCEPT role=16385 database=16384 total_us=10637
{"event":"QUARANTINE","pid":6698,"slot":1,"signal_rc":0,"at_us":238881696766}
{"event":"kernel_death","pid":6698,"slot":1,"at_us":238881716997}
{"event":"DRAINED","pid":6698,"catalog_disappeared":true,"effects":"RECONCILIATION_REQUIRED","at_us":238881721633}
{"event":"ACCEPT","role_oid":16385,"slot":1,"reason":0,"duplicate":false,"receive_us":17,"validation_us":19182,"reply_us":19236}
2026-10-10 19:29:24.917 UTC [6996] LOG:  FLOOOW_TEST_TIMEOUT_RESTORATION preserved=YES custom_active=NO
2026-10-10 19:29:24.917 UTC [6996] LOG:  FLOOOW_TEST_ENROLLMENT_ACCEPT role=16385 database=16384 total_us=23310
{"event":"QUARANTINE","pid":6996,"slot":1,"signal_rc":-1,"at_us":238886206899}
{"event":"DRAINING","pid":6996,"signal_rc":0,"at_us":238886413642}
2026-10-10 19:29:27.129 UTC [6996] FATAL:  terminating connection due to administrator command
2026-10-10 19:29:27.129 UTC [6996] STATEMENT:  SELECT pg_sleep(20);
{"event":"kernel_death","pid":6996,"slot":1,"at_us":238886433801}
{"event":"DRAINED","pid":6996,"catalog_disappeared":true,"effects":"RECONCILIATION_REQUIRED","at_us":238886443982}
{"event":"ACCEPT","role_oid":16385,"slot":1,"reason":0,"duplicate":false,"receive_us":10,"validation_us":6037,"reply_us":6079}
2026-10-10 19:29:31.109 UTC [7223] LOG:  FLOOOW_TEST_TIMEOUT_RESTORATION preserved=YES custom_active=NO
2026-10-10 19:29:31.109 UTC [7223] LOG:  FLOOOW_TEST_ENROLLMENT_ACCEPT role=16385 database=16384 total_us=7882
{"event":"QUARANTINE","pid":7223,"slot":1,"signal_rc":-1,"at_us":238890400891}
{"event":"kernel_death","pid":7223,"slot":1,"at_us":238890421099}
{"event":"DRAINED","pid":7223,"catalog_disappeared":true,"effects":"RECONCILIATION_REQUIRED","at_us":238890426072}
{"event":"ACCEPT","role_oid":16385,"slot":1,"reason":0,"duplicate":false,"receive_us":13,"validation_us":7903,"reply_us":7945}
2026-10-10 19:29:31.894 UTC [7253] LOG:  FLOOOW_TEST_TIMEOUT_RESTORATION preserved=YES custom_active=NO
2026-10-10 19:29:31.894 UTC [7253] LOG:  FLOOOW_TEST_ENROLLMENT_ACCEPT role=16385 database=16384 total_us=9802
{"event":"QUARANTINE","pid":7253,"slot":1,"signal_rc":-1,"at_us":238891188627}
{"event":"kernel_death","pid":7253,"slot":1,"at_us":238891208842}
{"event":"DRAINED","pid":7253,"catalog_disappeared":true,"effects":"RECONCILIATION_REQUIRED","at_us":238891214805}
{"event":"ACCEPT","role_oid":16385,"slot":1,"reason":0,"duplicate":false,"receive_us":13,"validation_us":7306,"reply_us":7357}
2026-10-10 19:29:32.491 UTC [7288] LOG:  FLOOOW_TEST_TIMEOUT_RESTORATION preserved=YES custom_active=NO
2026-10-10 19:29:32.491 UTC [7288] LOG:  FLOOOW_TEST_ENROLLMENT_ACCEPT role=16385 database=16384 total_us=9250
{"event":"ACCEPT","role_oid":16385,"slot":1,"reason":0,"duplicate":false,"receive_us":43,"validation_us":7530,"reply_us":7612}
2026-10-10 19:29:35.614 UTC [7494] LOG:  FLOOOW_TEST_TIMEOUT_RESTORATION preserved=YES custom_active=NO
2026-10-10 19:29:35.614 UTC [7494] LOG:  FLOOOW_TEST_ENROLLMENT_ACCEPT role=16385 database=16384 total_us=9918
{"event":"kernel_death","pid":7494,"slot":1,"at_us":238894908567}
{"event":"DRAINED","pid":7494,"catalog_disappeared":true,"effects":"RECONCILIATION_REQUIRED","at_us":238894914182}
{"event":"ACCEPT","role_oid":16385,"slot":1,"reason":0,"duplicate":false,"receive_us":46,"validation_us":8636,"reply_us":8711}
2026-10-10 19:29:37.007 UTC [7568] LOG:  FLOOOW_TEST_TIMEOUT_RESTORATION preserved=YES custom_active=NO
2026-10-10 19:29:37.007 UTC [7568] LOG:  FLOOOW_TEST_ENROLLMENT_ACCEPT role=16385 database=16384 total_us=10637
{"event":"kernel_death","pid":7568,"slot":1,"at_us":238896305857}
{"event":"DRAINED","pid":7568,"catalog_disappeared":true,"effects":"RECONCILIATION_REQUIRED","at_us":238896377138}
{"event":"ACCEPT","role_oid":16385,"slot":1,"reason":0,"duplicate":false,"receive_us":47,"validation_us":9661,"reply_us":9749}
2026-10-10 19:29:38.413 UTC [7637] LOG:  FLOOOW_TEST_TIMEOUT_RESTORATION preserved=YES custom_active=NO
2026-10-10 19:29:38.413 UTC [7637] LOG:  FLOOOW_TEST_ENROLLMENT_ACCEPT role=16385 database=16384 total_us=12169
{"event":"kernel_death","pid":7637,"slot":1,"at_us":238897778553}
{"event":"DRAINED","pid":7637,"catalog_disappeared":true,"effects":"RECONCILIATION_REQUIRED","at_us":238897783867}
{"event":"ACCEPT","role_oid":16385,"slot":1,"reason":0,"duplicate":false,"receive_us":60,"validation_us":10776,"reply_us":10883}
2026-10-10 19:29:40.112 UTC [7713] LOG:  FLOOOW_TEST_TIMEOUT_RESTORATION preserved=YES custom_active=NO
2026-10-10 19:29:40.112 UTC [7713] LOG:  FLOOOW_TEST_ENROLLMENT_ACCEPT role=16385 database=16384 total_us=13297
{"event":"kernel_death","pid":7713,"slot":1,"at_us":238899475179}
{"event":"DRAINED","pid":7713,"catalog_disappeared":true,"effects":"RECONCILIATION_REQUIRED","at_us":238899480717}
{"event":"kernel_death","pid":7288,"slot":1,"at_us":238901795780}
{"event":"DRAINED","pid":7288,"catalog_disappeared":true,"effects":"RECONCILIATION_REQUIRED","at_us":238901802116}
{"event":"ACCEPT","role_oid":16385,"slot":1,"reason":0,"duplicate":false,"receive_us":25,"validation_us":8170,"reply_us":8251}
2026-10-10 19:29:47.510 UTC [8049] LOG:  FLOOOW_TEST_TIMEOUT_RESTORATION preserved=YES custom_active=NO
2026-10-10 19:29:47.510 UTC [8049] LOG:  FLOOOW_TEST_ENROLLMENT_ACCEPT role=16385 database=16384 total_us=11158
{"event":"QUARANTINE","pid":8049,"slot":1,"signal_rc":-1,"at_us":238906805527}
{"event":"kernel_death","pid":8049,"slot":1,"at_us":238906825701}
{"event":"DRAINED","pid":8049,"catalog_disappeared":true,"effects":"RECONCILIATION_REQUIRED","at_us":238906878397}
{"event":"ACCEPT","role_oid":16385,"slot":1,"reason":0,"duplicate":false,"receive_us":40,"validation_us":6229,"reply_us":6300}
2026-10-10 19:29:48.629 UTC [8214] LOG:  FLOOOW_TEST_TIMEOUT_RESTORATION preserved=YES custom_active=NO
2026-10-10 19:29:48.629 UTC [8214] LOG:  FLOOOW_TEST_ENROLLMENT_ACCEPT role=16385 database=16384 total_us=9052
{"event":"QUARANTINE","pid":8214,"slot":1,"signal_rc":-1,"at_us":238907977249}
{"event":"kernel_death","pid":8214,"slot":1,"at_us":238907997457}
{"event":"DRAINED","pid":8214,"catalog_disappeared":true,"effects":"RECONCILIATION_REQUIRED","at_us":238908003116}
{"event":"ACCEPT","role_oid":16385,"slot":1,"reason":0,"duplicate":false,"receive_us":72,"validation_us":59748,"reply_us":59845}
2026-10-10 19:29:49.890 UTC [8402] LOG:  FLOOOW_TEST_TIMEOUT_RESTORATION preserved=YES custom_active=NO
2026-10-10 19:29:49.890 UTC [8402] LOG:  FLOOOW_TEST_ENROLLMENT_ACCEPT role=16385 database=16384 total_us=62020
{"event":"QUARANTINE","pid":8402,"slot":1,"signal_rc":-1,"at_us":238909193110}
{"event":"kernel_death","pid":8402,"slot":1,"at_us":238909213332}
{"event":"DRAINED","pid":8402,"catalog_disappeared":true,"effects":"RECONCILIATION_REQUIRED","at_us":238909219045}
{"event":"ACCEPT","role_oid":16385,"slot":1,"reason":0,"duplicate":false,"receive_us":86,"validation_us":63630,"reply_us":63762}
2026-10-10 19:29:51.996 UTC [8757] LOG:  FLOOOW_TEST_TIMEOUT_RESTORATION preserved=YES custom_active=NO
2026-10-10 19:29:51.996 UTC [8757] LOG:  FLOOOW_TEST_ENROLLMENT_ACCEPT role=16385 database=16384 total_us=66521
{"event":"QUARANTINE","pid":8757,"slot":1,"signal_rc":-1,"at_us":238911291245}
{"event":"kernel_death","pid":8757,"slot":1,"at_us":238911311425}
{"event":"DRAINED","pid":8757,"catalog_disappeared":true,"effects":"RECONCILIATION_REQUIRED","at_us":238911381883}
2026-10-10 19:29:55.748 UTC [8962] FATAL:  FLOOOW_TEST_ENROLLMENT_DENIED: independent eligibility absent
2026-10-10 19:29:59.127 UTC [9055] FATAL:  FLOOOW_TEST_ENROLLMENT_DENIED: independent eligibility absent
2026-10-10 19:30:03.211 UTC [9147] FATAL:  FLOOOW_TEST_ENROLLMENT_DENIED: independent eligibility absent
2026-10-10 19:30:06.433 UTC [9239] FATAL:  FLOOOW_TEST_ENROLLMENT_DENIED: independent eligibility absent
2026-10-10 19:30:10.012 UTC [9331] FATAL:  FLOOOW_TEST_ENROLLMENT_DENIED: independent eligibility absent
{"event":"supervisor_generation_loss","receiver_dead":false,"postmaster_dead":false}
2026-10-10 19:30:12.050 UTC [448] LOG:  received fast shutdown request
2026-10-10 19:30:12.050 UTC [448] LOG:  aborting any active transactions
2026-10-10 19:30:12.055 UTC [448] LOG:  background worker "logical replication launcher" (PID 457) exited with exit code 1
2026-10-10 19:30:12.055 UTC [452] LOG:  shutting down
2026-10-10 19:30:12.055 UTC [452] LOG:  checkpoint starting: shutdown immediate
2026-10-10 19:30:12.057 UTC [452] LOG:  checkpoint complete: wrote 131 buffers (0.8%), wrote 3 SLRU buffers; 0 WAL file(s) added, 0 removed, 0 recycled; write=0.003 s, sync=0.001 s, total=0.003 s; sync files=72, longest=0.001 s, average=0.000 s; distance=676 kB, estimate=676 kB; lsn=0/1C6BD28, redo lsn=0/1C6BD28
2026-10-10 19:30:12.074 UTC [448] LOG:  database system is shut down
{"event":"supervisor_verified_child_drain"}
{"event":"supervisor_started","receiver_child":9436,"postmaster_child":9437,"generation_source":"atomic_pidfd_children"}
{"event":"receiver_armed","epoch":"63548ce9a43d3e419b9a4ae93c21750695b4addc2237a2573eec6b22eedf4865","supervisor_inode":4309476,"postmaster_inode":4309478,"at_us":238932477578}
2026-10-10 19:30:13.218 UTC [9437] LOG:  starting PostgreSQL 18.4 (Debian 18.4-1.pgdg13+1) on x86_64-pc-linux-gnu, compiled by gcc (Debian 14.2.0-19) 14.2.0, 64-bit
2026-10-10 19:30:13.218 UTC [9437] LOG:  listening on Unix socket "/tmp/pgsock/.s.PGSQL.5432"
2026-10-10 19:30:13.221 UTC [9449] LOG:  database system was shut down at 2026-10-10 19:30:12 UTC
2026-10-10 19:30:13.229 UTC [9437] LOG:  database system is ready to accept connections
{"event":"ACCEPT","role_oid":16385,"slot":1,"reason":0,"duplicate":false,"receive_us":45,"validation_us":17210,"reply_us":17287}
2026-10-10 19:30:16.505 UTC [9552] LOG:  FLOOOW_TEST_TIMEOUT_RESTORATION preserved=YES custom_active=NO
2026-10-10 19:30:16.505 UTC [9552] LOG:  FLOOOW_TEST_ENROLLMENT_ACCEPT role=16385 database=16384 total_us=55362
{"event":"QUARANTINE","pid":9552,"slot":1,"signal_rc":-1,"at_us":238935801020}
{"event":"kernel_death","pid":9552,"slot":1,"at_us":238935821233}
{"event":"DRAINED","pid":9552,"catalog_disappeared":true,"effects":"RECONCILIATION_REQUIRED","at_us":238935826531}
{"event":"supervisor_lost"}
2026-10-10 19:30:18.122 UTC [9437] LOG:  received fast shutdown request
2026-10-10 19:30:18.122 UTC [9437] LOG:  aborting any active transactions
2026-10-10 19:30:18.124 UTC [9437] LOG:  background worker "logical replication launcher" (PID 9452) exited with exit code 1
2026-10-10 19:30:18.125 UTC [9447] LOG:  shutting down
2026-10-10 19:30:18.125 UTC [9447] LOG:  checkpoint starting: shutdown immediate
2026-10-10 19:30:18.126 UTC [9447] LOG:  checkpoint complete: wrote 1 buffers (0.0%), wrote 3 SLRU buffers; 0 WAL file(s) added, 0 removed, 0 recycled; write=0.001 s, sync=0.001 s, total=0.001 s; sync files=3, longest=0.001 s, average=0.001 s; distance=7 kB, estimate=7 kB; lsn=0/1C6D940, redo lsn=0/1C6D940
2026-10-10 19:30:18.137 UTC [9437] LOG:  database system is shut down
{"event":"supervisor_started","receiver_child":9637,"postmaster_child":9638,"generation_source":"atomic_pidfd_children"}
{"event":"receiver_armed","epoch":"07637df50eafe22b3549556ee3160bb172a6e89c1aeef18c6b1a1db87661e69a","supervisor_inode":4310261,"postmaster_inode":4310263,"at_us":238938860760}
2026-10-10 19:30:19.593 UTC [9638] LOG:  starting PostgreSQL 18.4 (Debian 18.4-1.pgdg13+1) on x86_64-pc-linux-gnu, compiled by gcc (Debian 14.2.0-19) 14.2.0, 64-bit
2026-10-10 19:30:19.593 UTC [9638] LOG:  listening on Unix socket "/tmp/pgsock/.s.PGSQL.5432"
2026-10-10 19:30:19.600 UTC [9644] LOG:  database system was shut down at 2026-10-10 19:30:18 UTC
2026-10-10 19:30:19.604 UTC [9638] LOG:  database system is ready to accept connections
{"event":"ACCEPT","role_oid":16385,"slot":1,"reason":0,"duplicate":false,"receive_us":13,"validation_us":9635,"reply_us":9690}
2026-10-10 19:30:22.412 UTC [9731] LOG:  FLOOOW_TEST_TIMEOUT_RESTORATION preserved=YES custom_active=NO
2026-10-10 19:30:22.412 UTC [9731] LOG:  FLOOOW_TEST_ENROLLMENT_ACCEPT role=16385 database=16384 total_us=12410
{"event":"QUARANTINE","pid":9731,"slot":1,"signal_rc":-1,"at_us":238941710665}
{"event":"kernel_death","pid":9731,"slot":1,"at_us":238941730880}
{"event":"DRAINED","pid":9731,"catalog_disappeared":true,"effects":"RECONCILIATION_REQUIRED","at_us":238941736563}
