{"event":"supervisor_started","receiver_child":283,"postmaster_child":284,"generation_source":"atomic_pidfd_children"}
{"event":"receiver_armed","atomic_postmaster_anchor":true}
2026-10-10 18:40:38.450 UTC [284] LOG:  starting PostgreSQL 18.4 (Debian 18.4-1.pgdg13+1) on x86_64-pc-linux-gnu, compiled by gcc (Debian 14.2.0-19) 14.2.0, 64-bit
2026-10-10 18:40:38.450 UTC [284] LOG:  listening on Unix socket "/tmp/pgsock/.s.PGSQL.5432"
2026-10-10 18:40:38.460 UTC [290] LOG:  database system was shut down at 2026-10-10 18:40:37 UTC
2026-10-10 18:40:38.463 UTC [284] LOG:  database system is ready to accept connections
{"event":"ACCEPT","role_oid":16385,"slot":1,"reason":0,"duplicate":false,"receive_us":331,"validation_us":10879,"reply_us":11279}
2026-10-10 18:40:39.449 UTC [313] LOG:  FLOOOW_TEST_ENROLLMENT_ACCEPT role=16385 database=16384 total_us=14896
{"event":"backend_exit_invalidated","slot":1}
{"event":"ACCEPT","role_oid":16386,"slot":2,"reason":0,"duplicate":false,"receive_us":310,"validation_us":6290,"reply_us":6633}
2026-10-10 18:40:39.831 UTC [321] LOG:  FLOOOW_TEST_ENROLLMENT_ACCEPT role=16386 database=16384 total_us=8708
{"event":"backend_exit_invalidated","slot":2}
{"event":"ACCEPT","role_oid":16387,"slot":3,"reason":0,"duplicate":false,"receive_us":305,"validation_us":6580,"reply_us":6926}
2026-10-10 18:40:40.173 UTC [329] LOG:  FLOOOW_TEST_ENROLLMENT_ACCEPT role=16387 database=16384 total_us=9245
{"event":"backend_exit_invalidated","slot":3}
{"event":"ACCEPT","role_oid":16388,"slot":4,"reason":0,"duplicate":false,"receive_us":442,"validation_us":7068,"reply_us":7553}
2026-10-10 18:40:40.605 UTC [337] LOG:  FLOOOW_TEST_ENROLLMENT_ACCEPT role=16388 database=16384 total_us=9739
{"event":"backend_exit_invalidated","slot":4}
{"event":"ACCEPT","role_oid":16385,"slot":1,"reason":0,"duplicate":false,"receive_us":324,"validation_us":8246,"reply_us":8611}
2026-10-10 18:40:40.935 UTC [345] LOG:  FLOOOW_TEST_ENROLLMENT_ACCEPT role=16385 database=16384 total_us=11132
{"event":"backend_exit_invalidated","slot":1}
{"event":"ACCEPT","role_oid":16386,"slot":2,"reason":0,"duplicate":false,"receive_us":305,"validation_us":7192,"reply_us":7536}
2026-10-10 18:40:41.443 UTC [353] LOG:  FLOOOW_TEST_ENROLLMENT_ACCEPT role=16386 database=16384 total_us=9890
{"event":"backend_exit_invalidated","slot":2}
{"event":"ACCEPT","role_oid":16387,"slot":3,"reason":0,"duplicate":false,"receive_us":313,"validation_us":14480,"reply_us":14873}
2026-10-10 18:40:42.060 UTC [361] LOG:  FLOOOW_TEST_ENROLLMENT_ACCEPT role=16387 database=16384 total_us=17504
{"event":"backend_exit_invalidated","slot":3}
{"event":"ACCEPT","role_oid":16388,"slot":4,"reason":0,"duplicate":false,"receive_us":267,"validation_us":8661,"reply_us":9020}
2026-10-10 18:40:42.486 UTC [369] LOG:  FLOOOW_TEST_ENROLLMENT_ACCEPT role=16388 database=16384 total_us=11360
{"event":"backend_exit_invalidated","slot":4}
{"event":"ACCEPT","role_oid":16385,"slot":1,"reason":0,"duplicate":false,"receive_us":354,"validation_us":12438,"reply_us":12840}
2026-10-10 18:40:42.826 UTC [377] LOG:  FLOOOW_TEST_ENROLLMENT_ACCEPT role=16385 database=16384 total_us=15479
{"event":"backend_exit_invalidated","slot":1}
{"event":"ACCEPT","role_oid":16386,"slot":2,"reason":0,"duplicate":false,"receive_us":260,"validation_us":6886,"reply_us":7194}
2026-10-10 18:40:43.193 UTC [385] LOG:  FLOOOW_TEST_ENROLLMENT_ACCEPT role=16386 database=16384 total_us=9053
{"event":"backend_exit_invalidated","slot":2}
{"event":"ACCEPT","role_oid":16387,"slot":3,"reason":0,"duplicate":false,"receive_us":363,"validation_us":8509,"reply_us":8915}
2026-10-10 18:40:43.529 UTC [393] LOG:  FLOOOW_TEST_ENROLLMENT_ACCEPT role=16387 database=16384 total_us=12413
{"event":"backend_exit_invalidated","slot":3}
{"event":"ACCEPT","role_oid":16388,"slot":4,"reason":0,"duplicate":false,"receive_us":197,"validation_us":5128,"reply_us":5354}
2026-10-10 18:40:43.834 UTC [401] LOG:  FLOOOW_TEST_ENROLLMENT_ACCEPT role=16388 database=16384 total_us=6947
{"event":"backend_exit_invalidated","slot":4}
{"event":"ACCEPT","role_oid":16385,"slot":1,"reason":0,"duplicate":false,"receive_us":264,"validation_us":6579,"reply_us":6869}
2026-10-10 18:40:44.132 UTC [409] LOG:  FLOOOW_TEST_ENROLLMENT_ACCEPT role=16385 database=16384 total_us=8492
{"event":"backend_exit_invalidated","slot":1}
{"event":"ACCEPT","role_oid":16386,"slot":2,"reason":0,"duplicate":false,"receive_us":300,"validation_us":7009,"reply_us":7338}
2026-10-10 18:40:44.466 UTC [417] LOG:  FLOOOW_TEST_ENROLLMENT_ACCEPT role=16386 database=16384 total_us=9748
{"event":"backend_exit_invalidated","slot":2}
{"event":"ACCEPT","role_oid":16387,"slot":3,"reason":0,"duplicate":false,"receive_us":198,"validation_us":5092,"reply_us":5316}
2026-10-10 18:40:44.760 UTC [425] LOG:  FLOOOW_TEST_ENROLLMENT_ACCEPT role=16387 database=16384 total_us=7297
{"event":"backend_exit_invalidated","slot":3}
{"event":"ACCEPT","role_oid":16388,"slot":4,"reason":0,"duplicate":false,"receive_us":228,"validation_us":5695,"reply_us":5959}
2026-10-10 18:40:45.056 UTC [433] LOG:  FLOOOW_TEST_ENROLLMENT_ACCEPT role=16388 database=16384 total_us=7593
{"event":"backend_exit_invalidated","slot":4}
{"event":"ACCEPT","role_oid":16385,"slot":1,"reason":0,"duplicate":false,"receive_us":216,"validation_us":5407,"reply_us":5654}
2026-10-10 18:40:45.336 UTC [441] LOG:  FLOOOW_TEST_ENROLLMENT_ACCEPT role=16385 database=16384 total_us=7227
{"event":"backend_exit_invalidated","slot":1}
{"event":"ACCEPT","role_oid":16386,"slot":2,"reason":0,"duplicate":false,"receive_us":309,"validation_us":6930,"reply_us":7273}
2026-10-10 18:40:45.631 UTC [449] LOG:  FLOOOW_TEST_ENROLLMENT_ACCEPT role=16386 database=16384 total_us=9696
{"event":"backend_exit_invalidated","slot":2}
{"event":"ACCEPT","role_oid":16387,"slot":3,"reason":0,"duplicate":false,"receive_us":237,"validation_us":5454,"reply_us":5721}
2026-10-10 18:40:45.917 UTC [457] LOG:  FLOOOW_TEST_ENROLLMENT_ACCEPT role=16387 database=16384 total_us=7531
{"event":"backend_exit_invalidated","slot":3}
{"event":"ACCEPT","role_oid":16388,"slot":4,"reason":0,"duplicate":false,"receive_us":237,"validation_us":6658,"reply_us":6931}
2026-10-10 18:40:46.218 UTC [465] LOG:  FLOOOW_TEST_ENROLLMENT_ACCEPT role=16388 database=16384 total_us=8642
{"event":"backend_exit_invalidated","slot":4}
{"event":"ACCEPT","role_oid":16385,"slot":1,"reason":0,"duplicate":false,"receive_us":150,"validation_us":5313,"reply_us":5496}
2026-10-10 18:40:46.532 UTC [473] LOG:  FLOOOW_TEST_ENROLLMENT_ACCEPT role=16385 database=16384 total_us=7229
{"event":"backend_exit_invalidated","slot":1}
{"event":"ACCEPT","role_oid":16386,"slot":2,"reason":0,"duplicate":false,"receive_us":232,"validation_us":11278,"reply_us":11547}
2026-10-10 18:40:46.903 UTC [481] LOG:  FLOOOW_TEST_ENROLLMENT_ACCEPT role=16386 database=16384 total_us=13511
{"event":"backend_exit_invalidated","slot":2}
{"event":"ACCEPT","role_oid":16387,"slot":3,"reason":0,"duplicate":false,"receive_us":279,"validation_us":5251,"reply_us":5559}
2026-10-10 18:40:47.173 UTC [489] LOG:  FLOOOW_TEST_ENROLLMENT_ACCEPT role=16387 database=16384 total_us=7319
{"event":"backend_exit_invalidated","slot":3}
{"event":"ACCEPT","role_oid":16388,"slot":4,"reason":0,"duplicate":false,"receive_us":392,"validation_us":5298,"reply_us":5747}
2026-10-10 18:40:47.455 UTC [497] LOG:  FLOOOW_TEST_ENROLLMENT_ACCEPT role=16388 database=16384 total_us=7371
{"event":"backend_exit_invalidated","slot":4}
2026-10-10 18:40:47.777 UTC [505] FATAL:  permission denied to set parameter "event_triggers"
{"event":"ACCEPT","role_oid":16385,"slot":1,"reason":0,"duplicate":false,"receive_us":271,"validation_us":8169,"reply_us":8464}
2026-10-10 18:40:48.141 UTC [518] LOG:  FLOOOW_TEST_ENROLLMENT_ACCEPT role=16385 database=16384 total_us=10796
{"event":"backend_exit_invalidated","slot":1}
{"event":"ACCEPT","role_oid":16385,"slot":1,"reason":0,"duplicate":false,"receive_us":270,"validation_us":5926,"reply_us":6249}
2026-10-10 18:40:48.481 UTC [526] LOG:  FLOOOW_TEST_ENROLLMENT_ACCEPT role=16385 database=16384 total_us=8116
{"event":"backend_exit_invalidated","slot":1}
{"event":"ACCEPT","role_oid":16385,"slot":1,"reason":0,"duplicate":false,"receive_us":270,"validation_us":4997,"reply_us":5294}
2026-10-10 18:40:48.772 UTC [534] LOG:  FLOOOW_TEST_ENROLLMENT_ACCEPT role=16385 database=16384 total_us=6936
{"event":"backend_exit_invalidated","slot":1}
{"event":"ACCEPT","role_oid":16385,"slot":1,"reason":0,"duplicate":false,"receive_us":226,"validation_us":5451,"reply_us":5718}
2026-10-10 18:40:49.099 UTC [548] LOG:  FLOOOW_TEST_ENROLLMENT_ACCEPT role=16385 database=16384 total_us=7454
{"event":"backend_exit_invalidated","slot":1}
{"event":"ACCEPT","role_oid":16385,"slot":1,"reason":0,"duplicate":false,"receive_us":228,"validation_us":5515,"reply_us":5772}
2026-10-10 18:40:49.453 UTC [556] LOG:  FLOOOW_TEST_ENROLLMENT_ACCEPT role=16385 database=16384 total_us=7546
{"event":"backend_exit_invalidated","slot":1}
{"event":"ACCEPT","role_oid":16385,"slot":1,"reason":0,"duplicate":false,"receive_us":322,"validation_us":5961,"reply_us":6320}
2026-10-10 18:40:49.775 UTC [564] LOG:  FLOOOW_TEST_ENROLLMENT_ACCEPT role=16385 database=16384 total_us=8611
{"event":"backend_exit_invalidated","slot":1}
