{"event":"supervisor_started","receiver_child":281,"postmaster_child":282,"generation_source":"atomic_pidfd_children"}
{"event":"receiver_armed","atomic_postmaster_anchor":true}
2026-10-10 18:30:51.507 UTC [282] LOG:  starting PostgreSQL 18.4 (Debian 18.4-1.pgdg13+1) on x86_64-pc-linux-gnu, compiled by gcc (Debian 14.2.0-19) 14.2.0, 64-bit
2026-10-10 18:30:51.507 UTC [282] LOG:  listening on Unix socket "/tmp/pgsock/.s.PGSQL.5432"
2026-10-10 18:30:51.528 UTC [288] LOG:  database system was shut down at 2026-10-10 18:30:50 UTC
2026-10-10 18:30:51.531 UTC [282] LOG:  database system is ready to accept connections
{"event":"ACCEPT","role_oid":16385,"slot":1,"reason":0,"duplicate":false,"receive_us":1090,"validation_us":9564,"reply_us":10708}
2026-10-10 18:30:52.385 UTC [312] LOG:  FLOOOW_TEST_ENROLLMENT_ACCEPT role=16385 database=16384 total_us=15199
{"event":"backend_exit_invalidated","slot":1}
{"event":"ACCEPT","role_oid":16386,"slot":2,"reason":0,"duplicate":false,"receive_us":281,"validation_us":6831,"reply_us":7145}
2026-10-10 18:30:52.700 UTC [320] LOG:  FLOOOW_TEST_ENROLLMENT_ACCEPT role=16386 database=16384 total_us=9670
{"event":"backend_exit_invalidated","slot":2}
{"event":"ACCEPT","role_oid":16387,"slot":3,"reason":0,"duplicate":false,"receive_us":209,"validation_us":6805,"reply_us":7054}
2026-10-10 18:30:53.018 UTC [328] LOG:  FLOOOW_TEST_ENROLLMENT_ACCEPT role=16387 database=16384 total_us=9549
{"event":"backend_exit_invalidated","slot":3}
{"event":"ACCEPT","role_oid":16388,"slot":4,"reason":0,"duplicate":false,"receive_us":301,"validation_us":6838,"reply_us":7179}
2026-10-10 18:30:53.347 UTC [336] LOG:  FLOOOW_TEST_ENROLLMENT_ACCEPT role=16388 database=16384 total_us=10072
{"event":"backend_exit_invalidated","slot":4}
{"event":"ACCEPT","role_oid":16385,"slot":1,"reason":0,"duplicate":false,"receive_us":255,"validation_us":6758,"reply_us":7049}
2026-10-10 18:30:53.707 UTC [344] LOG:  FLOOOW_TEST_ENROLLMENT_ACCEPT role=16385 database=16384 total_us=9264
{"event":"backend_exit_invalidated","slot":1}
{"event":"ACCEPT","role_oid":16386,"slot":2,"reason":0,"duplicate":false,"receive_us":405,"validation_us":6508,"reply_us":6947}
2026-10-10 18:30:54.015 UTC [352] LOG:  FLOOOW_TEST_ENROLLMENT_ACCEPT role=16386 database=16384 total_us=9169
{"event":"backend_exit_invalidated","slot":2}
{"event":"ACCEPT","role_oid":16387,"slot":3,"reason":0,"duplicate":false,"receive_us":229,"validation_us":5963,"reply_us":6224}
2026-10-10 18:30:54.330 UTC [360] LOG:  FLOOOW_TEST_ENROLLMENT_ACCEPT role=16387 database=16384 total_us=7854
{"event":"backend_exit_invalidated","slot":3}
{"event":"ACCEPT","role_oid":16388,"slot":4,"reason":0,"duplicate":false,"receive_us":281,"validation_us":5867,"reply_us":6180}
2026-10-10 18:30:54.639 UTC [368] LOG:  FLOOOW_TEST_ENROLLMENT_ACCEPT role=16388 database=16384 total_us=8156
{"event":"backend_exit_invalidated","slot":4}
{"event":"ACCEPT","role_oid":16385,"slot":1,"reason":0,"duplicate":false,"receive_us":200,"validation_us":5699,"reply_us":5930}
2026-10-10 18:30:54.950 UTC [376] LOG:  FLOOOW_TEST_ENROLLMENT_ACCEPT role=16385 database=16384 total_us=7522
{"event":"backend_exit_invalidated","slot":1}
{"event":"ACCEPT","role_oid":16386,"slot":2,"reason":0,"duplicate":false,"receive_us":206,"validation_us":6108,"reply_us":6349}
2026-10-10 18:30:55.258 UTC [384] LOG:  FLOOOW_TEST_ENROLLMENT_ACCEPT role=16386 database=16384 total_us=7882
{"event":"backend_exit_invalidated","slot":2}
{"event":"ACCEPT","role_oid":16387,"slot":3,"reason":0,"duplicate":false,"receive_us":255,"validation_us":5605,"reply_us":5896}
2026-10-10 18:30:55.565 UTC [392] LOG:  FLOOOW_TEST_ENROLLMENT_ACCEPT role=16387 database=16384 total_us=8470
{"event":"backend_exit_invalidated","slot":3}
{"event":"ACCEPT","role_oid":16388,"slot":4,"reason":0,"duplicate":false,"receive_us":221,"validation_us":5944,"reply_us":6199}
2026-10-10 18:30:55.909 UTC [400] LOG:  FLOOOW_TEST_ENROLLMENT_ACCEPT role=16388 database=16384 total_us=8066
{"event":"backend_exit_invalidated","slot":4}
{"event":"ACCEPT","role_oid":16385,"slot":1,"reason":0,"duplicate":false,"receive_us":349,"validation_us":8711,"reply_us":9100}
2026-10-10 18:30:56.271 UTC [408] LOG:  FLOOOW_TEST_ENROLLMENT_ACCEPT role=16385 database=16384 total_us=11738
{"event":"backend_exit_invalidated","slot":1}
{"event":"ACCEPT","role_oid":16386,"slot":2,"reason":0,"duplicate":false,"receive_us":369,"validation_us":9039,"reply_us":9450}
2026-10-10 18:30:56.717 UTC [416] LOG:  FLOOOW_TEST_ENROLLMENT_ACCEPT role=16386 database=16384 total_us=11703
{"event":"backend_exit_invalidated","slot":2}
{"event":"ACCEPT","role_oid":16387,"slot":3,"reason":0,"duplicate":false,"receive_us":213,"validation_us":6680,"reply_us":6932}
2026-10-10 18:30:57.283 UTC [424] LOG:  FLOOOW_TEST_ENROLLMENT_ACCEPT role=16387 database=16384 total_us=9520
{"event":"backend_exit_invalidated","slot":3}
{"event":"ACCEPT","role_oid":16388,"slot":4,"reason":0,"duplicate":false,"receive_us":388,"validation_us":5527,"reply_us":5948}
2026-10-10 18:30:57.589 UTC [432] LOG:  FLOOOW_TEST_ENROLLMENT_ACCEPT role=16388 database=16384 total_us=8007
{"event":"backend_exit_invalidated","slot":4}
{"event":"ACCEPT","role_oid":16385,"slot":1,"reason":0,"duplicate":false,"receive_us":300,"validation_us":7591,"reply_us":7935}
2026-10-10 18:30:57.932 UTC [440] LOG:  FLOOOW_TEST_ENROLLMENT_ACCEPT role=16385 database=16384 total_us=10074
{"event":"backend_exit_invalidated","slot":1}
{"event":"ACCEPT","role_oid":16386,"slot":2,"reason":0,"duplicate":false,"receive_us":290,"validation_us":9596,"reply_us":9937}
2026-10-10 18:30:58.314 UTC [448] LOG:  FLOOOW_TEST_ENROLLMENT_ACCEPT role=16386 database=16384 total_us=11723
{"event":"backend_exit_invalidated","slot":2}
{"event":"ACCEPT","role_oid":16387,"slot":3,"reason":0,"duplicate":false,"receive_us":227,"validation_us":6200,"reply_us":6481}
2026-10-10 18:30:58.643 UTC [456] LOG:  FLOOOW_TEST_ENROLLMENT_ACCEPT role=16387 database=16384 total_us=8491
{"event":"backend_exit_invalidated","slot":3}
{"event":"ACCEPT","role_oid":16388,"slot":4,"reason":0,"duplicate":false,"receive_us":304,"validation_us":7702,"reply_us":8051}
2026-10-10 18:30:59.015 UTC [464] LOG:  FLOOOW_TEST_ENROLLMENT_ACCEPT role=16388 database=16384 total_us=10020
{"event":"backend_exit_invalidated","slot":4}
{"event":"ACCEPT","role_oid":16385,"slot":1,"reason":0,"duplicate":false,"receive_us":385,"validation_us":8531,"reply_us":8966}
2026-10-10 18:30:59.382 UTC [472] LOG:  FLOOOW_TEST_ENROLLMENT_ACCEPT role=16385 database=16384 total_us=11527
{"event":"backend_exit_invalidated","slot":1}
{"event":"ACCEPT","role_oid":16386,"slot":2,"reason":0,"duplicate":false,"receive_us":206,"validation_us":5477,"reply_us":5723}
2026-10-10 18:30:59.779 UTC [480] LOG:  FLOOOW_TEST_ENROLLMENT_ACCEPT role=16386 database=16384 total_us=7558
{"event":"backend_exit_invalidated","slot":2}
{"event":"ACCEPT","role_oid":16387,"slot":3,"reason":0,"duplicate":false,"receive_us":307,"validation_us":7805,"reply_us":8190}
2026-10-10 18:31:00.114 UTC [488] LOG:  FLOOOW_TEST_ENROLLMENT_ACCEPT role=16387 database=16384 total_us=10190
{"event":"backend_exit_invalidated","slot":3}
{"event":"ACCEPT","role_oid":16388,"slot":4,"reason":0,"duplicate":false,"receive_us":352,"validation_us":8331,"reply_us":8730}
2026-10-10 18:31:00.436 UTC [496] LOG:  FLOOOW_TEST_ENROLLMENT_ACCEPT role=16388 database=16384 total_us=10622
{"event":"backend_exit_invalidated","slot":4}
{"event":"ACCEPT","role_oid":16385,"slot":1,"reason":0,"duplicate":false,"receive_us":259,"validation_us":4823,"reply_us":5112}
2026-10-10 18:31:00.747 UTC [504] LOG:  FLOOOW_TEST_ENROLLMENT_ACCEPT role=16385 database=16384 total_us=7167
{"event":"backend_exit_invalidated","slot":1}
{"event":"ACCEPT","role_oid":16385,"slot":1,"reason":0,"duplicate":false,"receive_us":209,"validation_us":6549,"reply_us":6795}
2026-10-10 18:31:01.044 UTC [512] LOG:  FLOOOW_TEST_ENROLLMENT_ACCEPT role=16385 database=16384 total_us=8632
{"event":"backend_exit_invalidated","slot":1}
{"event":"ACCEPT","role_oid":16385,"slot":1,"reason":0,"duplicate":false,"receive_us":317,"validation_us":5363,"reply_us":5708}
2026-10-10 18:31:01.346 UTC [520] LOG:  FLOOOW_TEST_ENROLLMENT_ACCEPT role=16385 database=16384 total_us=7937
{"event":"backend_exit_invalidated","slot":1}
{"event":"ACCEPT","role_oid":16385,"slot":1,"reason":0,"duplicate":false,"receive_us":223,"validation_us":6008,"reply_us":6268}
2026-10-10 18:31:01.675 UTC [529] LOG:  FLOOOW_TEST_ENROLLMENT_ACCEPT role=16385 database=16384 total_us=8004
{"event":"backend_exit_invalidated","slot":1}
2026-10-10 18:31:02.282 UTC [544] FATAL:  FLOOOW_TEST_ENROLLMENT_DENIED: header absent or role invalid
2026-10-10 18:31:03.117 UTC [565] FATAL:  FLOOOW_TEST_ENROLLMENT_DENIED: allocated identity mismatch
2026-10-10 18:31:03.933 UTC [587] FATAL:  FLOOOW_TEST_ENROLLMENT_DENIED: header absent or role invalid
2026-10-10 18:31:04.797 UTC [607] FATAL:  FLOOOW_TEST_ENROLLMENT_DENIED: invalid or denied ACK
2026-10-10 18:31:10.648 UTC [627] FATAL:  FLOOOW_TEST_ENROLLMENT_DENIED: no finite ACCEPT
{"event":"DENY","role_oid":16385,"slot":1,"reason":10,"duplicate":false,"receive_us":850,"validation_us":6549,"reply_us":6007564}
2026-10-10 18:31:11.963 UTC [282] LOG:  received fast shutdown request
2026-10-10 18:31:11.963 UTC [282] LOG:  aborting any active transactions
2026-10-10 18:31:11.966 UTC [282] LOG:  background worker "logical replication launcher" (PID 291) exited with exit code 1
2026-10-10 18:31:11.966 UTC [286] LOG:  shutting down
2026-10-10 18:31:11.966 UTC [286] LOG:  checkpoint starting: shutdown immediate
2026-10-10 18:31:11.967 UTC [286] LOG:  checkpoint complete: wrote 26 buffers (0.2%), wrote 3 SLRU buffers; 0 WAL file(s) added, 0 removed, 0 recycled; write=0.001 s, sync=0.001 s, total=0.001 s; sync files=24, longest=0.001 s, average=0.000 s; distance=76 kB, estimate=76 kB; lsn=0/1BB9928, redo lsn=0/1BB9928
2026-10-10 18:31:11.973 UTC [282] LOG:  database system is shut down
{"event":"supervisor_generation_loss","receiver_dead":false,"postmaster_dead":true}
{"event":"control_generation_invalidated"}
{"event":"supervisor_verified_child_drain"}
