{"event":"supervisor_started","receiver_child":447,"postmaster_child":448,"generation_source":"atomic_pidfd_children"}
{"event":"receiver_armed","epoch":"dccb3712ad5371c7685e022a75468b16e7cf685f6bf2547313a4ede8283e4fc3","supervisor_inode":4263818,"postmaster_inode":4263820,"at_us":238302706661}
2026-10-10 19:19:43.506 UTC [448] LOG:  starting PostgreSQL 18.4 (Debian 18.4-1.pgdg13+1) on x86_64-pc-linux-gnu, compiled by gcc (Debian 14.2.0-19) 14.2.0, 64-bit
2026-10-10 19:19:43.506 UTC [448] LOG:  listening on Unix socket "/tmp/pgsock/.s.PGSQL.5432"
2026-10-10 19:19:43.511 UTC [454] LOG:  database system was shut down at 2026-10-10 19:19:42 UTC
2026-10-10 19:19:43.514 UTC [448] LOG:  database system is ready to accept connections
{"event":"ACCEPT","role_oid":16385,"slot":1,"reason":0,"duplicate":false,"receive_us":13,"validation_us":16159,"reply_us":16212}
2026-10-10 19:19:47.241 UTC [532] LOG:  FLOOOW_TEST_TIMEOUT_RESTORATION preserved=YES custom_active=NO
2026-10-10 19:19:47.241 UTC [532] LOG:  FLOOOW_TEST_ENROLLMENT_ACCEPT role=16385 database=16384 total_us=19049
{"event":"QUARANTINE","pid":532,"slot":1,"signal_rc":-1,"at_us":238306474193}
{"event":"kernel_death","pid":532,"slot":1,"at_us":238306494480}
{"event":"ACCEPT","role_oid":16386,"slot":2,"reason":0,"duplicate":false,"receive_us":15,"validation_us":6939,"reply_us":6980}
2026-10-10 19:19:47.560 UTC [548] LOG:  FLOOOW_TEST_TIMEOUT_RESTORATION preserved=YES custom_active=NO
2026-10-10 19:19:47.560 UTC [548] LOG:  FLOOOW_TEST_ENROLLMENT_ACCEPT role=16386 database=16384 total_us=8931
{"event":"QUARANTINE","pid":548,"slot":2,"signal_rc":-1,"at_us":238306792368}
{"event":"kernel_death","pid":548,"slot":2,"at_us":238306812580}
{"event":"ACCEPT","role_oid":16387,"slot":3,"reason":0,"duplicate":false,"receive_us":69,"validation_us":6180,"reply_us":6285}
2026-10-10 19:19:47.876 UTC [563] LOG:  FLOOOW_TEST_TIMEOUT_RESTORATION preserved=YES custom_active=NO
2026-10-10 19:19:47.876 UTC [563] LOG:  FLOOOW_TEST_ENROLLMENT_ACCEPT role=16387 database=16384 total_us=8950
{"event":"QUARANTINE","pid":563,"slot":3,"signal_rc":-1,"at_us":238307108288}
{"event":"kernel_death","pid":563,"slot":3,"at_us":238307128506}
{"event":"ACCEPT","role_oid":16388,"slot":4,"reason":0,"duplicate":false,"receive_us":14,"validation_us":5901,"reply_us":5948}
2026-10-10 19:19:48.164 UTC [581] LOG:  FLOOOW_TEST_TIMEOUT_RESTORATION preserved=YES custom_active=NO
2026-10-10 19:19:48.164 UTC [581] LOG:  FLOOOW_TEST_ENROLLMENT_ACCEPT role=16388 database=16384 total_us=7745
{"event":"QUARANTINE","pid":581,"slot":4,"signal_rc":-1,"at_us":238307396817}
{"event":"kernel_death","pid":581,"slot":4,"at_us":238307417047}
2026-10-10 19:19:50.955 UTC [706] FATAL:  FLOOOW_TEST_ENROLLMENT_DENIED: allocated identity mismatch
{"event":"ACCEPT","role_oid":16385,"slot":1,"reason":0,"duplicate":false,"receive_us":9,"validation_us":8269,"reply_us":8317}
2026-10-10 19:19:51.719 UTC [745] LOG:  FLOOOW_TEST_TIMEOUT_RESTORATION preserved=YES custom_active=NO
2026-10-10 19:19:51.719 UTC [745] LOG:  FLOOOW_TEST_ENROLLMENT_ACCEPT role=16385 database=16384 total_us=10690
{"event":"QUARANTINE","pid":745,"slot":1,"signal_rc":0,"at_us":238313172476}
{"event":"kernel_death","pid":745,"slot":1,"at_us":238313192686}
{"event":"ACCEPT","role_oid":16385,"slot":1,"reason":0,"duplicate":false,"receive_us":108,"validation_us":9814,"reply_us":9970}
2026-10-10 19:19:57.249 UTC [978] LOG:  FLOOOW_TEST_TIMEOUT_RESTORATION preserved=YES custom_active=NO
2026-10-10 19:19:57.249 UTC [978] LOG:  FLOOOW_TEST_ENROLLMENT_ACCEPT role=16385 database=16384 total_us=12662
{"event":"QUARANTINE","pid":978,"slot":1,"signal_rc":-1,"at_us":238318575531}
{"event":"DRAINING","pid":978,"signal_rc":-1,"at_us":238318777380}
2026-10-10 19:19:59.604 UTC [1114] FATAL:  FLOOOW_TEST_ENROLLMENT_DENIED: independent eligibility absent
{"event":"DRAINING","pid":978,"signal_rc":-1,"at_us":238318979265}
{"event":"DRAINING","pid":978,"signal_rc":-1,"at_us":238319180923}
{"event":"DRAINING","pid":978,"signal_rc":0,"at_us":238319382854}
2026-10-10 19:20:00.158 UTC [978] FATAL:  terminating connection due to administrator command
2026-10-10 19:20:00.158 UTC [978] STATEMENT:  SELECT pg_sleep(20);
{"event":"kernel_death","pid":978,"slot":1,"at_us":238319403076}
2026-10-10 19:20:02.266 UTC [448] LOG:  received fast shutdown request
2026-10-10 19:20:02.266 UTC [448] LOG:  aborting any active transactions
2026-10-10 19:20:02.272 UTC [448] LOG:  background worker "logical replication launcher" (PID 457) exited with exit code 1
2026-10-10 19:20:02.273 UTC [452] LOG:  shutting down
2026-10-10 19:20:02.273 UTC [452] LOG:  checkpoint starting: shutdown immediate
2026-10-10 19:20:02.280 UTC [452] LOG:  checkpoint complete: wrote 1030 buffers (6.3%), wrote 3 SLRU buffers; 0 WAL file(s) added, 0 removed, 1 recycled; write=0.007 s, sync=0.001 s, total=0.008 s; sync files=365, longest=0.001 s, average=0.000 s; distance=4794 kB, estimate=4794 kB; lsn=0/2071550, redo lsn=0/2071550
2026-10-10 19:20:02.289 UTC [448] LOG:  database system is shut down
{"event":"control_generation_invalidated"}
{"event":"supervisor_generation_loss","receiver_dead":false,"postmaster_dead":true}
{"event":"supervisor_verified_child_drain"}
{"event":"supervisor_started","receiver_child":1217,"postmaster_child":1218,"generation_source":"atomic_pidfd_children"}
{"event":"receiver_armed","epoch":"b20d4e8c2b4c0ce47971b3a01a5e0b91e481bd9c06f837af5177228474f8a251","supervisor_inode":4266015,"postmaster_inode":4266017,"at_us":238323683172}
2026-10-10 19:20:04.478 UTC [1218] LOG:  starting PostgreSQL 18.4 (Debian 18.4-1.pgdg13+1) on x86_64-pc-linux-gnu, compiled by gcc (Debian 14.2.0-19) 14.2.0, 64-bit
2026-10-10 19:20:04.478 UTC [1218] LOG:  listening on Unix socket "/tmp/pgsock/.s.PGSQL.5432"
2026-10-10 19:20:04.481 UTC [1224] LOG:  database system was shut down at 2026-10-10 19:20:02 UTC
2026-10-10 19:20:04.484 UTC [1218] LOG:  database system is ready to accept connections
{"event":"ACCEPT","role_oid":16385,"slot":1,"reason":0,"duplicate":false,"receive_us":36,"validation_us":8083,"reply_us":8160}
2026-10-10 19:20:06.737 UTC [1289] LOG:  FLOOOW_TEST_TIMEOUT_RESTORATION preserved=YES custom_active=NO
2026-10-10 19:20:06.737 UTC [1289] LOG:  FLOOOW_TEST_ENROLLMENT_ACCEPT role=16385 database=16384 total_us=10641
{"event":"QUARANTINE","pid":1289,"slot":1,"signal_rc":-1,"at_us":238325979138}
{"event":"kernel_death","pid":1289,"slot":1,"at_us":238325999405}
{"event":"supervisor_generation_loss","receiver_dead":false,"postmaster_dead":false}
2026-10-10 19:20:07.030 UTC [1218] LOG:  received fast shutdown request
2026-10-10 19:20:07.030 UTC [1218] LOG:  aborting any active transactions
2026-10-10 19:20:07.032 UTC [1218] LOG:  background worker "logical replication launcher" (PID 1227) exited with exit code 1
2026-10-10 19:20:07.033 UTC [1222] LOG:  shutting down
2026-10-10 19:20:07.033 UTC [1222] LOG:  checkpoint starting: shutdown immediate
2026-10-10 19:20:07.033 UTC [1222] LOG:  checkpoint complete: wrote 2 buffers (0.0%), wrote 3 SLRU buffers; 0 WAL file(s) added, 0 removed, 0 recycled; write=0.001 s, sync=0.001 s, total=0.001 s; sync files=4, longest=0.001 s, average=0.001 s; distance=15 kB, estimate=15 kB; lsn=0/20751A0, redo lsn=0/20751A0
2026-10-10 19:20:07.039 UTC [1218] LOG:  database system is shut down
{"event":"supervisor_verified_child_drain"}
{"event":"supervisor_started","receiver_child":1355,"postmaster_child":1356,"generation_source":"atomic_pidfd_children"}
{"event":"receiver_armed","epoch":"f4b3b9897b97b48c48ec61afa729597da5480c48fe91af9e11dba6576fd2e531","supervisor_inode":4266437,"postmaster_inode":4266439,"at_us":238327682119}
2026-10-10 19:20:08.470 UTC [1356] LOG:  starting PostgreSQL 18.4 (Debian 18.4-1.pgdg13+1) on x86_64-pc-linux-gnu, compiled by gcc (Debian 14.2.0-19) 14.2.0, 64-bit
2026-10-10 19:20:08.470 UTC [1356] LOG:  listening on Unix socket "/tmp/pgsock/.s.PGSQL.5432"
2026-10-10 19:20:08.473 UTC [1362] LOG:  database system was shut down at 2026-10-10 19:20:07 UTC
2026-10-10 19:20:08.476 UTC [1356] LOG:  database system is ready to accept connections
2026-10-10 19:20:11.830 UTC [1481] FATAL:  FLOOOW_TEST_ENROLLMENT_DENIED: allocated identity mismatch
