{"event":"supervisor_started","receiver_child":458,"postmaster_child":459,"generation_source":"atomic_pidfd_children"}
{"event":"receiver_armed","epoch":"ab162e82d3a49e04332abaa82744600d00bab381b0ff2efef00f65ed03797cf9","supervisor_inode":4317669,"postmaster_inode":4317671,"at_us":239092045404}
2026-10-10 19:32:52.769 UTC [459] LOG:  starting PostgreSQL 18.4 (Debian 18.4-1.pgdg13+1) on x86_64-pc-linux-gnu, compiled by gcc (Debian 14.2.0-19) 14.2.0, 64-bit
2026-10-10 19:32:52.769 UTC [459] LOG:  listening on Unix socket "/tmp/pgsock/.s.PGSQL.5432"
2026-10-10 19:32:52.776 UTC [465] LOG:  database system was shut down at 2026-10-10 19:32:52 UTC
2026-10-10 19:32:52.778 UTC [459] LOG:  database system is ready to accept connections
{"event":"ACCEPT","role_oid":16385,"slot":1,"reason":0,"duplicate":false,"receive_us":51,"validation_us":9510,"reply_us":9603}
2026-10-10 19:32:55.306 UTC [557] LOG:  FLOOOW_TEST_TIMEOUT_RESTORATION preserved=YES custom_active=NO
2026-10-10 19:32:55.306 UTC [557] LOG:  FLOOOW_TEST_ENROLLMENT_ACCEPT role=16385 database=16384 total_us=13370
{"event":"QUARANTINE","pid":557,"slot":1,"signal_rc":-1,"at_us":239094619480}
{"event":"kernel_death","pid":557,"slot":1,"at_us":239094639725}
{"event":"DRAINED","pid":557,"catalog_disappeared":true,"effects":"RECONCILIATION_REQUIRED","at_us":239094645852}
{"event":"ACCEPT","role_oid":16386,"slot":2,"reason":0,"duplicate":false,"receive_us":11,"validation_us":8229,"reply_us":8268}
2026-10-10 19:32:55.634 UTC [573] LOG:  FLOOOW_TEST_TIMEOUT_RESTORATION preserved=YES custom_active=NO
2026-10-10 19:32:55.634 UTC [573] LOG:  FLOOOW_TEST_ENROLLMENT_ACCEPT role=16386 database=16384 total_us=11277
{"event":"QUARANTINE","pid":573,"slot":2,"signal_rc":-1,"at_us":239094944313}
{"event":"kernel_death","pid":573,"slot":2,"at_us":239094964510}
{"event":"DRAINED","pid":573,"catalog_disappeared":true,"effects":"RECONCILIATION_REQUIRED","at_us":239094969706}
{"event":"ACCEPT","role_oid":16387,"slot":3,"reason":0,"duplicate":false,"receive_us":62,"validation_us":8353,"reply_us":8450}
2026-10-10 19:32:55.948 UTC [596] LOG:  FLOOOW_TEST_TIMEOUT_RESTORATION preserved=YES custom_active=NO
2026-10-10 19:32:55.948 UTC [596] LOG:  FLOOOW_TEST_ENROLLMENT_ACCEPT role=16387 database=16384 total_us=10497
{"event":"QUARANTINE","pid":596,"slot":3,"signal_rc":-1,"at_us":239095271191}
{"event":"kernel_death","pid":596,"slot":3,"at_us":239095291390}
{"event":"DRAINED","pid":596,"catalog_disappeared":true,"effects":"RECONCILIATION_REQUIRED","at_us":239095296911}
{"event":"ACCEPT","role_oid":16388,"slot":4,"reason":0,"duplicate":false,"receive_us":38,"validation_us":7406,"reply_us":7480}
2026-10-10 19:32:56.286 UTC [615] LOG:  FLOOOW_TEST_TIMEOUT_RESTORATION preserved=YES custom_active=NO
2026-10-10 19:32:56.286 UTC [615] LOG:  FLOOOW_TEST_ENROLLMENT_ACCEPT role=16388 database=16384 total_us=9309
{"event":"QUARANTINE","pid":615,"slot":4,"signal_rc":-1,"at_us":239095595633}
{"event":"kernel_death","pid":615,"slot":4,"at_us":239095615837}
{"event":"DRAINED","pid":615,"catalog_disappeared":true,"effects":"RECONCILIATION_REQUIRED","at_us":239095621033}
2026-10-10 19:33:01.824 UTC [747] FATAL:  FLOOOW_TEST_ENROLLMENT_DENIED: independent eligibility absent
2026-10-10 19:33:06.445 UTC [884] FATAL:  FLOOOW_TEST_ENROLLMENT_DENIED: independent eligibility absent
{"event":"ACCEPT","role_oid":16385,"slot":1,"reason":0,"duplicate":false,"receive_us":21,"validation_us":8827,"reply_us":8887}
2026-10-10 19:33:08.993 UTC [954] LOG:  FLOOOW_TEST_TIMEOUT_RESTORATION preserved=YES custom_active=NO
2026-10-10 19:33:08.993 UTC [954] LOG:  FLOOOW_TEST_ENROLLMENT_ACCEPT role=16385 database=16384 total_us=11357
{"event":"QUARANTINE","pid":954,"slot":1,"signal_rc":-1,"at_us":239108304776}
{"event":"kernel_death","pid":954,"slot":1,"at_us":239108324970}
{"event":"DRAINED","pid":954,"catalog_disappeared":true,"effects":"RECONCILIATION_REQUIRED","at_us":239108330244}
