{"event":"supervisor_started","receiver_child":446,"postmaster_child":447,"generation_source":"atomic_pidfd_children"}
{"event":"receiver_armed","atomic_postmaster_anchor":true}
2026-10-10 19:18:46.359 UTC [447] LOG:  starting PostgreSQL 18.4 (Debian 18.4-1.pgdg13+1) on x86_64-pc-linux-gnu, compiled by gcc (Debian 14.2.0-19) 14.2.0, 64-bit
2026-10-10 19:18:46.359 UTC [447] LOG:  listening on Unix socket "/tmp/pgsock/.s.PGSQL.5432"
2026-10-10 19:18:46.362 UTC [453] LOG:  database system was shut down at 2026-10-10 19:18:45 UTC
2026-10-10 19:18:46.364 UTC [447] LOG:  database system is ready to accept connections
{"event":"ACCEPT","role_oid":16385,"slot":1,"reason":0,"duplicate":false,"receive_us":90,"validation_us":13045,"reply_us":13190}
2026-10-10 19:18:49.303 UTC [529] LOG:  FLOOOW_TEST_ENROLLMENT_ACCEPT role=16385 database=16384 total_us=16080
{"event":"QUARANTINE","pid":529,"slot":1,"signal_rc":-1,"at_us":238248600972}
{"event":"kernel_death","pid":529,"slot":1,"at_us":238248621249}
{"event":"ACCEPT","role_oid":16386,"slot":2,"reason":0,"duplicate":false,"receive_us":111,"validation_us":9661,"reply_us":9819}
2026-10-10 19:18:49.657 UTC [545] LOG:  FLOOOW_TEST_ENROLLMENT_ACCEPT role=16386 database=16384 total_us=12563
{"event":"QUARANTINE","pid":545,"slot":2,"signal_rc":-1,"at_us":238248952479}
{"event":"kernel_death","pid":545,"slot":2,"at_us":238248972697}
{"event":"ACCEPT","role_oid":16387,"slot":3,"reason":0,"duplicate":false,"receive_us":151,"validation_us":9287,"reply_us":9468}
2026-10-10 19:18:50.053 UTC [560] LOG:  FLOOOW_TEST_ENROLLMENT_ACCEPT role=16387 database=16384 total_us=12167
{"event":"QUARANTINE","pid":560,"slot":3,"signal_rc":-1,"at_us":238249350469}
{"event":"kernel_death","pid":560,"slot":3,"at_us":238249370653}
{"event":"ACCEPT","role_oid":16388,"slot":4,"reason":0,"duplicate":false,"receive_us":61,"validation_us":7703,"reply_us":7832}
2026-10-10 19:18:50.418 UTC [579] LOG:  FLOOOW_TEST_ENROLLMENT_ACCEPT role=16388 database=16384 total_us=10106
{"event":"QUARANTINE","pid":579,"slot":4,"signal_rc":-1,"at_us":238249717299}
{"event":"kernel_death","pid":579,"slot":4,"at_us":238249737496}
