{"event":"supervisor_started","receiver_child":263,"postmaster_child":264,"generation_source":"atomic_pidfd_children"}
{"event":"receiver_armed","atomic_postmaster_anchor":true}
2026-10-10 18:34:14.897 UTC [264] LOG:  starting PostgreSQL 18.4 (Debian 18.4-1.pgdg13+1) on x86_64-pc-linux-gnu, compiled by gcc (Debian 14.2.0-19) 14.2.0, 64-bit
2026-10-10 18:34:14.897 UTC [264] LOG:  listening on Unix socket "/tmp/pgsock/.s.PGSQL.5432"
2026-10-10 18:34:14.901 UTC [270] LOG:  database system was shut down at 2026-10-10 18:34:14 UTC
2026-10-10 18:34:14.904 UTC [264] LOG:  database system is ready to accept connections
{"event":"ACCEPT","role_oid":16385,"slot":1,"reason":0,"duplicate":false,"receive_us":570,"validation_us":9408,"reply_us":10048}
2026-10-10 18:34:15.939 UTC [294] LOG:  FLOOOW_TEST_ENROLLMENT_ACCEPT role=16385 database=16384 total_us=13690
{"event":"backend_exit_invalidated","slot":1}
{"event":"ACCEPT","role_oid":16386,"slot":2,"reason":0,"duplicate":false,"receive_us":365,"validation_us":7286,"reply_us":7692}
2026-10-10 18:34:16.274 UTC [302] LOG:  FLOOOW_TEST_ENROLLMENT_ACCEPT role=16386 database=16384 total_us=10031
{"event":"backend_exit_invalidated","slot":2}
{"event":"ACCEPT","role_oid":16387,"slot":3,"reason":0,"duplicate":false,"receive_us":319,"validation_us":7955,"reply_us":8338}
2026-10-10 18:34:16.962 UTC [310] LOG:  FLOOOW_TEST_ENROLLMENT_ACCEPT role=16387 database=16384 total_us=11121
{"event":"backend_exit_invalidated","slot":3}
{"event":"ACCEPT","role_oid":16388,"slot":4,"reason":0,"duplicate":false,"receive_us":220,"validation_us":6824,"reply_us":7120}
2026-10-10 18:34:17.485 UTC [318] LOG:  FLOOOW_TEST_ENROLLMENT_ACCEPT role=16388 database=16384 total_us=8902
{"event":"backend_exit_invalidated","slot":4}
{"event":"ACCEPT","role_oid":16385,"slot":1,"reason":0,"duplicate":false,"receive_us":231,"validation_us":6319,"reply_us":6626}
2026-10-10 18:34:17.891 UTC [326] LOG:  FLOOOW_TEST_ENROLLMENT_ACCEPT role=16385 database=16384 total_us=8555
{"event":"backend_exit_invalidated","slot":1}
{"event":"ACCEPT","role_oid":16386,"slot":2,"reason":0,"duplicate":false,"receive_us":355,"validation_us":6547,"reply_us":6983}
2026-10-10 18:34:18.247 UTC [334] LOG:  FLOOOW_TEST_ENROLLMENT_ACCEPT role=16386 database=16384 total_us=8997
{"event":"backend_exit_invalidated","slot":2}
{"event":"ACCEPT","role_oid":16387,"slot":3,"reason":0,"duplicate":false,"receive_us":243,"validation_us":6606,"reply_us":6887}
2026-10-10 18:34:18.576 UTC [342] LOG:  FLOOOW_TEST_ENROLLMENT_ACCEPT role=16387 database=16384 total_us=8810
{"event":"backend_exit_invalidated","slot":3}
{"event":"ACCEPT","role_oid":16388,"slot":4,"reason":0,"duplicate":false,"receive_us":248,"validation_us":5513,"reply_us":5800}
2026-10-10 18:34:18.905 UTC [350] LOG:  FLOOOW_TEST_ENROLLMENT_ACCEPT role=16388 database=16384 total_us=8066
{"event":"backend_exit_invalidated","slot":4}
{"event":"ACCEPT","role_oid":16385,"slot":1,"reason":0,"duplicate":false,"receive_us":251,"validation_us":6186,"reply_us":6469}
2026-10-10 18:34:19.202 UTC [358] LOG:  FLOOOW_TEST_ENROLLMENT_ACCEPT role=16385 database=16384 total_us=8356
{"event":"backend_exit_invalidated","slot":1}
{"event":"ACCEPT","role_oid":16386,"slot":2,"reason":0,"duplicate":false,"receive_us":245,"validation_us":6702,"reply_us":6979}
2026-10-10 18:34:19.528 UTC [365] LOG:  FLOOOW_TEST_ENROLLMENT_ACCEPT role=16386 database=16384 total_us=9012
{"event":"backend_exit_invalidated","slot":2}
{"event":"ACCEPT","role_oid":16387,"slot":3,"reason":0,"duplicate":false,"receive_us":332,"validation_us":5882,"reply_us":6241}
2026-10-10 18:34:19.839 UTC [373] LOG:  FLOOOW_TEST_ENROLLMENT_ACCEPT role=16387 database=16384 total_us=8667
{"event":"backend_exit_invalidated","slot":3}
{"event":"ACCEPT","role_oid":16388,"slot":4,"reason":0,"duplicate":false,"receive_us":423,"validation_us":7478,"reply_us":7942}
2026-10-10 18:34:20.151 UTC [381] LOG:  FLOOOW_TEST_ENROLLMENT_ACCEPT role=16388 database=16384 total_us=10369
{"event":"backend_exit_invalidated","slot":4}
{"event":"ACCEPT","role_oid":16385,"slot":1,"reason":0,"duplicate":false,"receive_us":216,"validation_us":6348,"reply_us":6601}
2026-10-10 18:34:20.533 UTC [389] LOG:  FLOOOW_TEST_ENROLLMENT_ACCEPT role=16385 database=16384 total_us=8459
{"event":"backend_exit_invalidated","slot":1}
{"event":"ACCEPT","role_oid":16386,"slot":2,"reason":0,"duplicate":false,"receive_us":237,"validation_us":7692,"reply_us":7964}
2026-10-10 18:34:20.848 UTC [397] LOG:  FLOOOW_TEST_ENROLLMENT_ACCEPT role=16386 database=16384 total_us=9570
{"event":"backend_exit_invalidated","slot":2}
{"event":"ACCEPT","role_oid":16387,"slot":3,"reason":0,"duplicate":false,"receive_us":225,"validation_us":4676,"reply_us":4930}
2026-10-10 18:34:21.147 UTC [405] LOG:  FLOOOW_TEST_ENROLLMENT_ACCEPT role=16387 database=16384 total_us=6722
{"event":"backend_exit_invalidated","slot":3}
{"event":"ACCEPT","role_oid":16388,"slot":4,"reason":0,"duplicate":false,"receive_us":274,"validation_us":5029,"reply_us":5352}
2026-10-10 18:34:21.464 UTC [413] LOG:  FLOOOW_TEST_ENROLLMENT_ACCEPT role=16388 database=16384 total_us=7456
{"event":"backend_exit_invalidated","slot":4}
{"event":"ACCEPT","role_oid":16385,"slot":1,"reason":0,"duplicate":false,"receive_us":329,"validation_us":6304,"reply_us":6668}
2026-10-10 18:34:21.797 UTC [421] LOG:  FLOOOW_TEST_ENROLLMENT_ACCEPT role=16385 database=16384 total_us=10293
{"event":"backend_exit_invalidated","slot":1}
{"event":"ACCEPT","role_oid":16386,"slot":2,"reason":0,"duplicate":false,"receive_us":216,"validation_us":5516,"reply_us":5755}
2026-10-10 18:34:22.112 UTC [429] LOG:  FLOOOW_TEST_ENROLLMENT_ACCEPT role=16386 database=16384 total_us=7363
{"event":"backend_exit_invalidated","slot":2}
{"event":"ACCEPT","role_oid":16387,"slot":3,"reason":0,"duplicate":false,"receive_us":129,"validation_us":5006,"reply_us":5163}
2026-10-10 18:34:22.400 UTC [437] LOG:  FLOOOW_TEST_ENROLLMENT_ACCEPT role=16387 database=16384 total_us=6989
{"event":"backend_exit_invalidated","slot":3}
{"event":"ACCEPT","role_oid":16388,"slot":4,"reason":0,"duplicate":false,"receive_us":208,"validation_us":4721,"reply_us":4960}
2026-10-10 18:34:22.688 UTC [445] LOG:  FLOOOW_TEST_ENROLLMENT_ACCEPT role=16388 database=16384 total_us=6546
{"event":"backend_exit_invalidated","slot":4}
{"event":"ACCEPT","role_oid":16385,"slot":1,"reason":0,"duplicate":false,"receive_us":189,"validation_us":6234,"reply_us":6453}
2026-10-10 18:34:23.021 UTC [453] LOG:  FLOOOW_TEST_ENROLLMENT_ACCEPT role=16385 database=16384 total_us=8160
{"event":"backend_exit_invalidated","slot":1}
{"event":"ACCEPT","role_oid":16386,"slot":2,"reason":0,"duplicate":false,"receive_us":314,"validation_us":8153,"reply_us":8557}
2026-10-10 18:34:23.440 UTC [461] LOG:  FLOOOW_TEST_ENROLLMENT_ACCEPT role=16386 database=16384 total_us=11121
{"event":"backend_exit_invalidated","slot":2}
{"event":"ACCEPT","role_oid":16387,"slot":3,"reason":0,"duplicate":false,"receive_us":325,"validation_us":7579,"reply_us":7951}
2026-10-10 18:34:23.939 UTC [469] LOG:  FLOOOW_TEST_ENROLLMENT_ACCEPT role=16387 database=16384 total_us=10360
{"event":"backend_exit_invalidated","slot":3}
{"event":"ACCEPT","role_oid":16388,"slot":4,"reason":0,"duplicate":false,"receive_us":358,"validation_us":14285,"reply_us":14692}
2026-10-10 18:34:24.606 UTC [477] LOG:  FLOOOW_TEST_ENROLLMENT_ACCEPT role=16388 database=16384 total_us=17208
{"event":"backend_exit_invalidated","slot":4}
{"event":"ACCEPT","role_oid":16385,"slot":1,"reason":0,"duplicate":false,"receive_us":292,"validation_us":5912,"reply_us":6276}
{"event":"ACCEPT","role_oid":16385,"slot":1,"reason":0,"duplicate":true,"receive_us":115,"validation_us":6835,"reply_us":7030}
2026-10-10 18:34:26.791 UTC [497] LOG:  FLOOOW_TEST_ENROLLMENT_ACCEPT role=16385 database=16384 total_us=15328
{"event":"backend_exit_invalidated","slot":1}
{"event":"DENY","role_oid":16385,"slot":1,"reason":3,"duplicate":false,"receive_us":220,"validation_us":0,"reply_us":258}
2026-10-10 18:34:27.867 UTC [525] FATAL:  FLOOOW_TEST_ENROLLMENT_DENIED: invalid or denied ACK
{"event":"DENY","role_oid":16385,"slot":1,"reason":3,"duplicate":false,"receive_us":380,"validation_us":0,"reply_us":440}
2026-10-10 18:34:28.916 UTC [544] FATAL:  FLOOOW_TEST_ENROLLMENT_DENIED: invalid or denied ACK
{"event":"DENY","role_oid":16385,"slot":1,"reason":3,"duplicate":false,"receive_us":352,"validation_us":0,"reply_us":415}
2026-10-10 18:34:30.029 UTC [563] FATAL:  FLOOOW_TEST_ENROLLMENT_DENIED: invalid or denied ACK
{"event":"DENY","role_oid":16385,"slot":1,"reason":3,"duplicate":false,"receive_us":456,"validation_us":0,"reply_us":510}
2026-10-10 18:34:31.990 UTC [582] FATAL:  FLOOOW_TEST_ENROLLMENT_DENIED: invalid or denied ACK
{"event":"DENY","role_oid":16385,"slot":2,"reason":3,"duplicate":false,"receive_us":392,"validation_us":0,"reply_us":444}
2026-10-10 18:34:33.098 UTC [601] FATAL:  FLOOOW_TEST_ENROLLMENT_DENIED: invalid or denied ACK
{"event":"DENY","role_oid":0,"slot":0,"reason":1,"duplicate":false,"receive_us":455,"validation_us":0,"reply_us":504}
2026-10-10 18:34:35.381 UTC [621] FATAL:  FLOOOW_TEST_ENROLLMENT_DENIED: invalid or denied ACK
{"event":"DENY","role_oid":0,"slot":0,"reason":1,"duplicate":false,"receive_us":624,"validation_us":0,"reply_us":674}
2026-10-10 18:34:36.527 UTC [642] FATAL:  FLOOOW_TEST_ENROLLMENT_DENIED: invalid or denied ACK
2026-10-10 18:34:37.924 UTC [661] FATAL:  FLOOOW_TEST_ENROLLMENT_DENIED: unsafe or absent namespace
2026-10-10 18:34:39.009 UTC [680] FATAL:  FLOOOW_TEST_ENROLLMENT_DENIED: unsafe or absent namespace
2026-10-10 18:34:39.838 UTC [693] FATAL:  permission denied for database "postgres"
2026-10-10 18:34:39.838 UTC [693] DETAIL:  User does not have CONNECT privilege.
{"event":"ACCEPT","role_oid":16385,"slot":1,"reason":0,"duplicate":false,"receive_us":574,"validation_us":14666,"reply_us":15281}
2026-10-10 18:34:40.460 UTC [706] LOG:  FLOOOW_TEST_ENROLLMENT_ACCEPT role=16385 database=16384 total_us=18788
{"event":"ACCEPT","role_oid":16385,"slot":1,"reason":0,"duplicate":false,"receive_us":12,"validation_us":9140,"reply_us":9232}
2026-10-10 18:34:40.469 UTC [707] LOG:  FLOOOW_TEST_ENROLLMENT_ACCEPT role=16385 database=16384 total_us=27730
{"event":"backend_exit_invalidated","slot":1}
{"event":"backend_exit_invalidated","slot":1}
2026-10-10 18:34:41.620 UTC [723] FATAL:  FLOOOW_TEST_ENROLLMENT_DENIED: header absent or role invalid
{"event":"ACCEPT","role_oid":16385,"slot":1,"reason":0,"duplicate":false,"receive_us":475,"validation_us":16505,"reply_us":17027}
2026-10-10 18:34:42.403 UTC [738] LOG:  FLOOOW_TEST_ENROLLMENT_ACCEPT role=16385 database=16384 total_us=20972
{"event":"backend_exit_invalidated","slot":1}
{"event":"ACCEPT","role_oid":16385,"slot":1,"reason":0,"duplicate":false,"receive_us":402,"validation_us":12303,"reply_us":12781}
2026-10-10 18:34:42.795 UTC [746] LOG:  FLOOOW_TEST_ENROLLMENT_ACCEPT role=16385 database=16384 total_us=16022
{"event":"backend_exit_invalidated","slot":1}
{"event":"ACCEPT","role_oid":16385,"slot":1,"reason":0,"duplicate":false,"receive_us":383,"validation_us":9868,"reply_us":10294}
2026-10-10 18:34:43.325 UTC [754] LOG:  FLOOOW_TEST_ENROLLMENT_ACCEPT role=16385 database=16384 total_us=12609
{"event":"backend_exit_invalidated","slot":1}
{"event":"ACCEPT","role_oid":16385,"slot":1,"reason":0,"duplicate":false,"receive_us":457,"validation_us":8538,"reply_us":9056}
2026-10-10 18:34:43.737 UTC [762] LOG:  FLOOOW_TEST_ENROLLMENT_ACCEPT role=16385 database=16384 total_us=12003
{"event":"backend_exit_invalidated","slot":1}
2026-10-10 18:34:44.495 UTC [777] FATAL:  FLOOOW_TEST_ENROLLMENT_DENIED: header absent or role invalid
2026-10-10 18:34:45.575 UTC [815] FATAL:  FLOOOW_TEST_ENROLLMENT_DENIED: allocated identity mismatch
2026-10-10 18:34:46.575 UTC [1481] FATAL:  FLOOOW_TEST_ENROLLMENT_DENIED: header absent or role invalid
2026-10-10 18:34:47.514 UTC [1501] FATAL:  FLOOOW_TEST_ENROLLMENT_DENIED: invalid or denied ACK
2026-10-10 18:34:53.636 UTC [1521] FATAL:  FLOOOW_TEST_ENROLLMENT_DENIED: no finite ACCEPT
{"event":"DENY","role_oid":16385,"slot":1,"reason":10,"duplicate":false,"receive_us":401,"validation_us":8958,"reply_us":6009769}
2026-10-10 18:34:54.797 UTC [1541] FATAL:  FLOOOW_TEST_ENROLLMENT_DENIED: allocated identity mismatch
2026-10-10 18:34:55.698 UTC [264] LOG:  received fast shutdown request
2026-10-10 18:34:55.699 UTC [264] LOG:  aborting any active transactions
2026-10-10 18:34:55.705 UTC [264] LOG:  background worker "logical replication launcher" (PID 273) exited with exit code 1
2026-10-10 18:34:55.707 UTC [268] LOG:  shutting down
2026-10-10 18:34:55.707 UTC [268] LOG:  checkpoint starting: shutdown immediate
2026-10-10 18:34:55.722 UTC [268] LOG:  checkpoint complete: wrote 32 buffers (0.2%), wrote 3 SLRU buffers; 0 WAL file(s) added, 0 removed, 0 recycled; write=0.014 s, sync=0.001 s, total=0.015 s; sync files=30, longest=0.001 s, average=0.000 s; distance=78 kB, estimate=78 kB; lsn=0/1BBA4A0, redo lsn=0/1BBA4A0
2026-10-10 18:34:55.733 UTC [264] LOG:  database system is shut down
{"event":"control_generation_invalidated"}
{"event":"supervisor_generation_loss","receiver_dead":false,"postmaster_dead":true}
{"event":"supervisor_verified_child_drain"}
