{"event":"supervisor_started","receiver_child":1581,"postmaster_child":1582,"generation_source":"atomic_pidfd_children"}
{"event":"receiver_armed","atomic_postmaster_anchor":true}
2026-10-10 18:34:57.107 UTC [1582] LOG:  starting PostgreSQL 18.4 (Debian 18.4-1.pgdg13+1) on x86_64-pc-linux-gnu, compiled by gcc (Debian 14.2.0-19) 14.2.0, 64-bit
2026-10-10 18:34:57.108 UTC [1582] LOG:  listening on Unix socket "/tmp/pgsock/.s.PGSQL.5432"
2026-10-10 18:34:57.117 UTC [1588] LOG:  database system was shut down at 2026-10-10 18:34:55 UTC
2026-10-10 18:34:57.120 UTC [1582] LOG:  database system is ready to accept connections
{"event":"ACCEPT","role_oid":16385,"slot":1,"reason":0,"duplicate":false,"receive_us":635,"validation_us":17779,"reply_us":18510}
2026-10-10 18:34:59.488 UTC [1612] LOG:  FLOOOW_TEST_ENROLLMENT_ACCEPT role=16385 database=16384 total_us=30071
{"event":"backend_exit_invalidated","slot":1}
{"event":"ACCEPT","role_oid":16385,"slot":1,"reason":0,"duplicate":false,"receive_us":379,"validation_us":8126,"reply_us":8548}
2026-10-10 18:35:00.016 UTC [1627] LOG:  FLOOOW_TEST_ENROLLMENT_ACCEPT role=16385 database=16384 total_us=11473
{"event":"supervisor_generation_loss","receiver_dead":false,"postmaster_dead":false}
2026-10-10 18:35:00.810 UTC [1582] LOG:  received fast shutdown request
2026-10-10 18:35:00.810 UTC [1582] LOG:  aborting any active transactions
2026-10-10 18:35:00.815 UTC [1582] LOG:  background worker "logical replication launcher" (PID 1591) exited with exit code 1
2026-10-10 18:35:00.817 UTC [1627] FATAL:  terminating connection due to administrator command
2026-10-10 18:35:00.817 UTC [1627] STATEMENT:  SELECT pg_sleep(20);
2026-10-10 18:35:00.819 UTC [1586] LOG:  shutting down
2026-10-10 18:35:00.819 UTC [1586] LOG:  checkpoint starting: shutdown immediate
2026-10-10 18:35:00.821 UTC [1586] LOG:  checkpoint complete: wrote 0 buffers (0.0%), wrote 3 SLRU buffers; 0 WAL file(s) added, 0 removed, 0 recycled; write=0.001 s, sync=0.001 s, total=0.002 s; sync files=2, longest=0.001 s, average=0.001 s; distance=0 kB, estimate=0 kB; lsn=0/1BBA518, redo lsn=0/1BBA518
2026-10-10 18:35:00.830 UTC [1582] LOG:  database system is shut down
{"event":"supervisor_verified_child_drain"}
